[
  [
    {
      "name": "c_2_2",
      "p": 5,
      "newP": 0.099
    },
    {
      "name": "c_3_2",
      "p": 3,
      "newP": 4.2
    },
    {
      "name": "c_2_1",
      "p": 1,
      "newP": 2.25
    },
    {
      "name": "c_1_2",
      "p": 3,
      "newP": 4.2
    },
    {
      "name": "c_2_3",
      "p": 2,
      "newP": 3.25
    }
  ],
  [
    {
      "name": "c_2_2",
      "p": 0.099,
      "newP": 8.2
    },
    {
      "name": "c_3_2",
      "p": 4.2,
      "newP": 1.739
    },
    {
      "name": "c_2_1",
      "p": 2.25,
      "newP": 0.959
    },
    {
      "name": "c_1_2",
      "p": 4.2,
      "newP": 1.739
    },
    {
      "name": "c_2_3",
      "p": 3.25,
      "newP": 1.359
    }
  ],
  [
    {
      "name": "c_2_2",
      "p": 8.2,
      "newP": 0
    },
    {
      "name": "c_3_2",
      "p": 1.739,
      "newP": 3.79
    },
    {
      "name": "c_2_1",
      "p": 0.959,
      "newP": 3.01
    },
    {
      "name": "c_1_2",
      "p": 1.739,
      "newP": 3.79
    },
    {
      "name": "c_2_3",
      "p": 1.359,
      "newP": 3.41
    }
  ],
  [
    {
      "name": "c_2_2",
      "p": 0,
      "newP": 8.4
    },
    {
      "name": "c_3_2",
      "p": 3.79,
      "newP": 1.515
    },
    {
      "name": "c_2_1",
      "p": 3.01,
      "newP": 1.203
    },
    {
      "name": "c_1_2",
      "p": 3.79,
      "newP": 1.515
    },
    {
      "name": "c_2_3",
      "p": 3.41,
      "newP": 1.363
    }
  ],
  [
    {
      "name": "c_2_2",
      "p": 8.4,
      "newP": 0
    },
    {
      "name": "c_3_2",
      "p": 1.515,
      "newP": 3.616
    },
    {
      "name": "c_2_1",
      "p": 1.203,
      "newP": 3.304
    },
    {
      "name": "c_1_2",
      "p": 1.515,
      "newP": 3.616
    },
    {
      "name": "c_2_3",
      "p": 1.363,
      "newP": 3.464
    }
  ],
  [
    {
      "name": "c_2_2",
      "p": 0,
      "newP": 8.4
    },
    {
      "name": "c_3_2",
      "p": 3.616,
      "newP": 1.446
    },
    {
      "name": "c_2_1",
      "p": 3.304,
      "newP": 1.321
    },
    {
      "name": "c_1_2",
      "p": 3.616,
      "newP": 1.446
    },
    {
      "name": "c_2_3",
      "p": 3.464,
      "newP": 1.385
    }
  ],
  [
    {
      "name": "c_2_2",
      "p": 8.4,
      "newP": 0
    },
    {
      "name": "c_3_2",
      "p": 1.446,
      "newP": 3.546
    },
    {
      "name": "c_2_1",
      "p": 1.321,
      "newP": 3.421
    },
    {
      "name": "c_1_2",
      "p": 1.446,
      "newP": 3.546
    },
    {
      "name": "c_2_3",
      "p": 1.385,
      "newP": 3.485
    }
  ],
  [
    {
      "name": "c_2_2",
      "p": 0,
      "newP": 8.399
    },
    {
      "name": "c_3_2",
      "p": 3.546,
      "newP": 1.418
    },
    {
      "name": "c_2_1",
      "p": 3.421,
      "newP": 1.368
    },
    {
      "name": "c_1_2",
      "p": 3.546,
      "newP": 1.418
    },
    {
      "name": "c_2_3",
      "p": 3.485,
      "newP": 1.394
    }
  ],
  [
    {
      "name": "c_2_2",
      "p": 8.399,
      "newP": 0
    },
    {
      "name": "c_3_2",
      "p": 1.418,
      "newP": 3.518
    },
    {
      "name": "c_2_1",
      "p": 1.368,
      "newP": 3.468
    },
    {
      "name": "c_1_2",
      "p": 1.418,
      "newP": 3.518
    },
    {
      "name": "c_2_3",
      "p": 1.394,
      "newP": 3.494
    }
  ],
  [
    {
      "name": "c_2_2",
      "p": 0,
      "newP": 8.4
    },
    {
      "name": "c_3_2",
      "p": 3.518,
      "newP": 1.407
    },
    {
      "name": "c_2_1",
      "p": 3.468,
      "newP": 1.387
    },
    {
      "name": "c_1_2",
      "p": 3.518,
      "newP": 1.407
    },
    {
      "name": "c_2_3",
      "p": 3.494,
      "newP": 1.397
    }
  ],
  [
    {
      "name": "c_2_2",
      "p": 8.4,
      "newP": 0
    },
    {
      "name": "c_3_2",
      "p": 1.407,
      "newP": 3.507
    },
    {
      "name": "c_2_1",
      "p": 1.387,
      "newP": 3.487
    },
    {
      "name": "c_1_2",
      "p": 1.407,
      "newP": 3.507
    },
    {
      "name": "c_2_3",
      "p": 1.397,
      "newP": 3.497
    }
  ],
  [
    {
      "name": "c_2_2",
      "p": 0,
      "newP": 8.399
    },
    {
      "name": "c_3_2",
      "p": 3.507,
      "newP": 1.402
    },
    {
      "name": "c_2_1",
      "p": 3.487,
      "newP": 1.394
    },
    {
      "name": "c_1_2",
      "p": 3.507,
      "newP": 1.402
    },
    {
      "name": "c_2_3",
      "p": 3.497,
      "newP": 1.399
    }
  ],
  [
    {
      "name": "c_2_2",
      "p": 8.399,
      "newP": 0
    },
    {
      "name": "c_3_2",
      "p": 1.402,
      "newP": 3.502
    },
    {
      "name": "c_2_1",
      "p": 1.394,
      "newP": 3.494
    },
    {
      "name": "c_1_2",
      "p": 1.402,
      "newP": 3.502
    },
    {
      "name": "c_2_3",
      "p": 1.399,
      "newP": 3.499
    }
  ],
  [
    {
      "name": "c_2_2",
      "p": 0,
      "newP": 8.4
    },
    {
      "name": "c_3_2",
      "p": 3.502,
      "newP": 1.401
    },
    {
      "name": "c_2_1",
      "p": 3.494,
      "newP": 1.397
    },
    {
      "name": "c_1_2",
      "p": 3.502,
      "newP": 1.401
    },
    {
      "name": "c_2_3",
      "p": 3.499,
      "newP": 1.399
    }
  ],
  [
    {
      "name": "c_2_2",
      "p": 8.4,
      "newP": 0
    },
    {
      "name": "c_3_2",
      "p": 1.401,
      "newP": 3.501
    },
    {
      "name": "c_2_1",
      "p": 1.397,
      "newP": 3.497
    },
    {
      "name": "c_1_2",
      "p": 1.401,
      "newP": 3.501
    },
    {
      "name": "c_2_3",
      "p": 1.399,
      "newP": 3.499
    }
  ],
  [
    {
      "name": "c_2_2",
      "p": 0,
      "newP": 8.4
    },
    {
      "name": "c_3_2",
      "p": 3.501,
      "newP": 1.4
    },
    {
      "name": "c_2_1",
      "p": 3.497,
      "newP": 1.399
    },
    {
      "name": "c_1_2",
      "p": 3.501,
      "newP": 1.4
    },
    {
      "name": "c_2_3",
      "p": 3.499,
      "newP": 1.399
    }
  ],
  [
    {
      "name": "c_2_2",
      "p": 8.4,
      "newP": 0
    },
    {
      "name": "c_3_2",
      "p": 1.4,
      "newP": 3.5
    },
    {
      "name": "c_2_1",
      "p": 1.399,
      "newP": 3.499
    },
    {
      "name": "c_1_2",
      "p": 1.4,
      "newP": 3.5
    },
    {
      "name": "c_2_3",
      "p": 1.399,
      "newP": 3.499
    }
  ],
  [
    {
      "name": "c_2_2",
      "p": 0,
      "newP": 8.4
    },
    {
      "name": "c_3_2",
      "p": 3.5,
      "newP": 1.4
    },
    {
      "name": "c_2_1",
      "p": 3.499,
      "newP": 1.399
    },
    {
      "name": "c_1_2",
      "p": 3.5,
      "newP": 1.4
    },
    {
      "name": "c_2_3",
      "p": 3.499,
      "newP": 1.399
    }
  ],
  [
    {
      "name": "c_2_2",
      "p": 8.4,
      "newP": 0
    },
    {
      "name": "c_3_2",
      "p": 1.4,
      "newP": 3.5
    },
    {
      "name": "c_2_1",
      "p": 1.399,
      "newP": 3.499
    },
    {
      "name": "c_1_2",
      "p": 1.4,
      "newP": 3.5
    },
    {
      "name": "c_2_3",
      "p": 1.399,
      "newP": 3.499
    }
  ],
  [
    {
      "name": "c_2_2",
      "p": 0,
      "newP": 8.4
    },
    {
      "name": "c_3_2",
      "p": 3.5,
      "newP": 1.4
    },
    {
      "name": "c_2_1",
      "p": 3.499,
      "newP": 1.399
    },
    {
      "name": "c_1_2",
      "p": 3.5,
      "newP": 1.4
    },
    {
      "name": "c_2_3",
      "p": 3.499,
      "newP": 1.399
    }
  ],
  [
    {
      "name": "c_2_2",
      "p": 8.4,
      "newP": 0
    },
    {
      "name": "c_3_2",
      "p": 1.4,
      "newP": 3.5
    },
    {
      "name": "c_2_1",
      "p": 1.399,
      "newP": 3.499
    },
    {
      "name": "c_1_2",
      "p": 1.4,
      "newP": 3.5
    },
    {
      "name": "c_2_3",
      "p": 1.399,
      "newP": 3.499
    }
  ],
  [
    {
      "name": "c_2_2",
      "p": 0,
      "newP": 8.4
    },
    {
      "name": "c_3_2",
      "p": 3.5,
      "newP": 1.4
    },
    {
      "name": "c_2_1",
      "p": 3.499,
      "newP": 1.399
    },
    {
      "name": "c_1_2",
      "p": 3.5,
      "newP": 1.4
    },
    {
      "name": "c_2_3",
      "p": 3.499,
      "newP": 1.399
    }
  ],
  [
    {
      "name": "c_2_2",
      "p": 8.4,
      "newP": 0
    },
    {
      "name": "c_3_2",
      "p": 1.4,
      "newP": 3.5
    },
    {
      "name": "c_2_1",
      "p": 1.399,
      "newP": 3.499
    },
    {
      "name": "c_1_2",
      "p": 1.4,
      "newP": 3.5
    },
    {
      "name": "c_2_3",
      "p": 1.399,
      "newP": 3.499
    }
  ],
  [
    {
      "name": "c_2_2",
      "p": 0,
      "newP": 8.4
    },
    {
      "name": "c_3_2",
      "p": 3.5,
      "newP": 1.4
    },
    {
      "name": "c_2_1",
      "p": 3.499,
      "newP": 1.399
    },
    {
      "name": "c_1_2",
      "p": 3.5,
      "newP": 1.4
    },
    {
      "name": "c_2_3",
      "p": 3.499,
      "newP": 1.399
    }
  ],
  [
    {
      "name": "c_2_2",
      "p": 8.4,
      "newP": 0
    },
    {
      "name": "c_3_2",
      "p": 1.4,
      "newP": 3.5
    },
    {
      "name": "c_2_1",
      "p": 1.399,
      "newP": 3.499
    },
    {
      "name": "c_1_2",
      "p": 1.4,
      "newP": 3.5
    },
    {
      "name": "c_2_3",
      "p": 1.399,
      "newP": 3.499
    }
  ],
  [
    {
      "name": "c_2_2",
      "p": 0,
      "newP": 8.4
    },
    {
      "name": "c_3_2",
      "p": 3.5,
      "newP": 1.4
    },
    {
      "name": "c_2_1",
      "p": 3.499,
      "newP": 1.399
    },
    {
      "name": "c_1_2",
      "p": 3.5,
      "newP": 1.4
    },
    {
      "name": "c_2_3",
      "p": 3.499,
      "newP": 1.399
    }
  ],
  [
    {
      "name": "c_2_2",
      "p": 8.4,
      "newP": 0
    },
    {
      "name": "c_3_2",
      "p": 1.4,
      "newP": 3.5
    },
    {
      "name": "c_2_1",
      "p": 1.399,
      "newP": 3.499
    },
    {
      "name": "c_1_2",
      "p": 1.4,
      "newP": 3.5
    },
    {
      "name": "c_2_3",
      "p": 1.399,
      "newP": 3.499
    }
  ],
  [
    {
      "name": "c_2_2",
      "p": 0,
      "newP": 8.4
    },
    {
      "name": "c_3_2",
      "p": 3.5,
      "newP": 1.4
    },
    {
      "name": "c_2_1",
      "p": 3.499,
      "newP": 1.399
    },
    {
      "name": "c_1_2",
      "p": 3.5,
      "newP": 1.4
    },
    {
      "name": "c_2_3",
      "p": 3.499,
      "newP": 1.399
    }
  ],
  [
    {
      "name": "c_2_2",
      "p": 8.4,
      "newP": 0
    },
    {
      "name": "c_3_2",
      "p": 1.4,
      "newP": 3.5
    },
    {
      "name": "c_2_1",
      "p": 1.399,
      "newP": 3.499
    },
    {
      "name": "c_1_2",
      "p": 1.4,
      "newP": 3.5
    },
    {
      "name": "c_2_3",
      "p": 1.399,
      "newP": 3.499
    }
  ],
  [
    {
      "name": "c_2_2",
      "p": 0,
      "newP": 8.4
    },
    {
      "name": "c_3_2",
      "p": 3.5,
      "newP": 1.4
    },
    {
      "name": "c_2_1",
      "p": 3.499,
      "newP": 1.399
    },
    {
      "name": "c_1_2",
      "p": 3.5,
      "newP": 1.4
    },
    {
      "name": "c_2_3",
      "p": 3.499,
      "newP": 1.399
    }
  ],
  [
    {
      "name": "c_2_2",
      "p": 8.4,
      "newP": 0
    },
    {
      "name": "c_3_2",
      "p": 1.4,
      "newP": 3.5
    },
    {
      "name": "c_2_1",
      "p": 1.399,
      "newP": 3.499
    },
    {
      "name": "c_1_2",
      "p": 1.4,
      "newP": 3.5
    },
    {
      "name": "c_2_3",
      "p": 1.399,
      "newP": 3.499
    }
  ],
  [
    {
      "name": "c_2_2",
      "p": 0,
      "newP": 8.4
    },
    {
      "name": "c_3_2",
      "p": 3.5,
      "newP": 1.4
    },
    {
      "name": "c_2_1",
      "p": 3.499,
      "newP": 1.399
    },
    {
      "name": "c_1_2",
      "p": 3.5,
      "newP": 1.4
    },
    {
      "name": "c_2_3",
      "p": 3.499,
      "newP": 1.399
    }
  ],
  [
    {
      "name": "c_2_2",
      "p": 8.4,
      "newP": 0
    },
    {
      "name": "c_3_2",
      "p": 1.4,
      "newP": 3.5
    },
    {
      "name": "c_2_1",
      "p": 1.399,
      "newP": 3.499
    },
    {
      "name": "c_1_2",
      "p": 1.4,
      "newP": 3.5
    },
    {
      "name": "c_2_3",
      "p": 1.399,
      "newP": 3.499
    }
  ],
  [
    {
      "name": "c_2_2",
      "p": 0,
      "newP": 8.4
    },
    {
      "name": "c_3_2",
      "p": 3.5,
      "newP": 1.4
    },
    {
      "name": "c_2_1",
      "p": 3.499,
      "newP": 1.399
    },
    {
      "name": "c_1_2",
      "p": 3.5,
      "newP": 1.4
    },
    {
      "name": "c_2_3",
      "p": 3.499,
      "newP": 1.399
    }
  ],
  [
    {
      "name": "c_2_2",
      "p": 8.4,
      "newP": 0
    },
    {
      "name": "c_3_2",
      "p": 1.4,
      "newP": 3.5
    },
    {
      "name": "c_2_1",
      "p": 1.399,
      "newP": 3.499
    },
    {
      "name": "c_1_2",
      "p": 1.4,
      "newP": 3.5
    },
    {
      "name": "c_2_3",
      "p": 1.399,
      "newP": 3.499
    }
  ],
  [
    {
      "name": "c_2_2",
      "p": 0,
      "newP": 8.4
    },
    {
      "name": "c_3_2",
      "p": 3.5,
      "newP": 1.4
    },
    {
      "name": "c_2_1",
      "p": 3.499,
      "newP": 1.399
    },
    {
      "name": "c_1_2",
      "p": 3.5,
      "newP": 1.4
    },
    {
      "name": "c_2_3",
      "p": 3.499,
      "newP": 1.399
    }
  ],
  [
    {
      "name": "c_2_2",
      "p": 8.4,
      "newP": 0
    },
    {
      "name": "c_3_2",
      "p": 1.4,
      "newP": 3.5
    },
    {
      "name": "c_2_1",
      "p": 1.399,
      "newP": 3.499
    },
    {
      "name": "c_1_2",
      "p": 1.4,
      "newP": 3.5
    },
    {
      "name": "c_2_3",
      "p": 1.399,
      "newP": 3.499
    }
  ],
  [
    {
      "name": "c_2_2",
      "p": 0,
      "newP": 8.4
    },
    {
      "name": "c_3_2",
      "p": 3.5,
      "newP": 1.4
    },
    {
      "name": "c_2_1",
      "p": 3.499,
      "newP": 1.399
    },
    {
      "name": "c_1_2",
      "p": 3.5,
      "newP": 1.4
    },
    {
      "name": "c_2_3",
      "p": 3.499,
      "newP": 1.399
    }
  ],
  [
    {
      "name": "c_2_2",
      "p": 8.4,
      "newP": 0
    },
    {
      "name": "c_3_2",
      "p": 1.4,
      "newP": 3.5
    },
    {
      "name": "c_2_1",
      "p": 1.399,
      "newP": 3.499
    },
    {
      "name": "c_1_2",
      "p": 1.4,
      "newP": 3.5
    },
    {
      "name": "c_2_3",
      "p": 1.399,
      "newP": 3.499
    }
  ],
  [
    {
      "name": "c_2_2",
      "p": 0,
      "newP": 8.4
    },
    {
      "name": "c_3_2",
      "p": 3.5,
      "newP": 1.4
    },
    {
      "name": "c_2_1",
      "p": 3.499,
      "newP": 1.399
    },
    {
      "name": "c_1_2",
      "p": 3.5,
      "newP": 1.4
    },
    {
      "name": "c_2_3",
      "p": 3.499,
      "newP": 1.399
    }
  ],
  [
    {
      "name": "c_2_2",
      "p": 8.4,
      "newP": 0
    },
    {
      "name": "c_3_2",
      "p": 1.4,
      "newP": 3.5
    },
    {
      "name": "c_2_1",
      "p": 1.399,
      "newP": 3.499
    },
    {
      "name": "c_1_2",
      "p": 1.4,
      "newP": 3.5
    },
    {
      "name": "c_2_3",
      "p": 1.399,
      "newP": 3.499
    }
  ],
  [
    {
      "name": "c_2_2",
      "p": 0,
      "newP": 8.4
    },
    {
      "name": "c_3_2",
      "p": 3.5,
      "newP": 1.4
    },
    {
      "name": "c_2_1",
      "p": 3.499,
      "newP": 1.399
    },
    {
      "name": "c_1_2",
      "p": 3.5,
      "newP": 1.4
    },
    {
      "name": "c_2_3",
      "p": 3.499,
      "newP": 1.399
    }
  ],
  [
    {
      "name": "c_2_2",
      "p": 8.4,
      "newP": 0
    },
    {
      "name": "c_3_2",
      "p": 1.4,
      "newP": 3.5
    },
    {
      "name": "c_2_1",
      "p": 1.399,
      "newP": 3.499
    },
    {
      "name": "c_1_2",
      "p": 1.4,
      "newP": 3.5
    },
    {
      "name": "c_2_3",
      "p": 1.399,
      "newP": 3.499
    }
  ],
  [
    {
      "name": "c_2_2",
      "p": 0,
      "newP": 8.4
    },
    {
      "name": "c_3_2",
      "p": 3.5,
      "newP": 1.4
    },
    {
      "name": "c_2_1",
      "p": 3.499,
      "newP": 1.399
    },
    {
      "name": "c_1_2",
      "p": 3.5,
      "newP": 1.4
    },
    {
      "name": "c_2_3",
      "p": 3.499,
      "newP": 1.399
    }
  ],
  [
    {
      "name": "c_2_2",
      "p": 8.4,
      "newP": 0
    },
    {
      "name": "c_3_2",
      "p": 1.4,
      "newP": 3.5
    },
    {
      "name": "c_2_1",
      "p": 1.399,
      "newP": 3.499
    },
    {
      "name": "c_1_2",
      "p": 1.4,
      "newP": 3.5
    },
    {
      "name": "c_2_3",
      "p": 1.399,
      "newP": 3.499
    }
  ],
  [
    {
      "name": "c_2_2",
      "p": 0,
      "newP": 8.4
    },
    {
      "name": "c_3_2",
      "p": 3.5,
      "newP": 1.4
    },
    {
      "name": "c_2_1",
      "p": 3.499,
      "newP": 1.399
    },
    {
      "name": "c_1_2",
      "p": 3.5,
      "newP": 1.4
    },
    {
      "name": "c_2_3",
      "p": 3.499,
      "newP": 1.399
    }
  ],
  [
    {
      "name": "c_2_2",
      "p": 8.4,
      "newP": 0
    },
    {
      "name": "c_3_2",
      "p": 1.4,
      "newP": 3.5
    },
    {
      "name": "c_2_1",
      "p": 1.399,
      "newP": 3.499
    },
    {
      "name": "c_1_2",
      "p": 1.4,
      "newP": 3.5
    },
    {
      "name": "c_2_3",
      "p": 1.399,
      "newP": 3.499
    }
  ],
  [
    {
      "name": "c_2_2",
      "p": 0,
      "newP": 8.4
    },
    {
      "name": "c_3_2",
      "p": 3.5,
      "newP": 1.4
    },
    {
      "name": "c_2_1",
      "p": 3.499,
      "newP": 1.399
    },
    {
      "name": "c_1_2",
      "p": 3.5,
      "newP": 1.4
    },
    {
      "name": "c_2_3",
      "p": 3.499,
      "newP": 1.399
    }
  ],
  [
    {
      "name": "c_2_2",
      "p": 8.4,
      "newP": 0
    },
    {
      "name": "c_3_2",
      "p": 1.4,
      "newP": 3.5
    },
    {
      "name": "c_2_1",
      "p": 1.399,
      "newP": 3.499
    },
    {
      "name": "c_1_2",
      "p": 1.4,
      "newP": 3.5
    },
    {
      "name": "c_2_3",
      "p": 1.399,
      "newP": 3.499
    }
  ],
  [
    {
      "name": "c_2_2",
      "p": 0,
      "newP": 8.4
    },
    {
      "name": "c_3_2",
      "p": 3.5,
      "newP": 1.4
    },
    {
      "name": "c_2_1",
      "p": 3.499,
      "newP": 1.399
    },
    {
      "name": "c_1_2",
      "p": 3.5,
      "newP": 1.4
    },
    {
      "name": "c_2_3",
      "p": 3.499,
      "newP": 1.399
    }
  ],
  [
    {
      "name": "c_2_2",
      "p": 8.4,
      "newP": 0
    },
    {
      "name": "c_3_2",
      "p": 1.4,
      "newP": 3.5
    },
    {
      "name": "c_2_1",
      "p": 1.399,
      "newP": 3.499
    },
    {
      "name": "c_1_2",
      "p": 1.4,
      "newP": 3.5
    },
    {
      "name": "c_2_3",
      "p": 1.399,
      "newP": 3.499
    }
  ],
  [
    {
      "name": "c_2_2",
      "p": 0,
      "newP": 8.4
    },
    {
      "name": "c_3_2",
      "p": 3.5,
      "newP": 1.4
    },
    {
      "name": "c_2_1",
      "p": 3.499,
      "newP": 1.399
    },
    {
      "name": "c_1_2",
      "p": 3.5,
      "newP": 1.4
    },
    {
      "name": "c_2_3",
      "p": 3.499,
      "newP": 1.399
    }
  ],
  [
    {
      "name": "c_2_2",
      "p": 8.4,
      "newP": 0
    },
    {
      "name": "c_3_2",
      "p": 1.4,
      "newP": 3.5
    },
    {
      "name": "c_2_1",
      "p": 1.399,
      "newP": 3.499
    },
    {
      "name": "c_1_2",
      "p": 1.4,
      "newP": 3.5
    },
    {
      "name": "c_2_3",
      "p": 1.399,
      "newP": 3.499
    }
  ],
  [
    {
      "name": "c_2_2",
      "p": 0,
      "newP": 8.4
    },
    {
      "name": "c_3_2",
      "p": 3.5,
      "newP": 1.4
    },
    {
      "name": "c_2_1",
      "p": 3.499,
      "newP": 1.399
    },
    {
      "name": "c_1_2",
      "p": 3.5,
      "newP": 1.4
    },
    {
      "name": "c_2_3",
      "p": 3.499,
      "newP": 1.399
    }
  ],
  [
    {
      "name": "c_2_2",
      "p": 8.4,
      "newP": 0
    },
    {
      "name": "c_3_2",
      "p": 1.4,
      "newP": 3.5
    },
    {
      "name": "c_2_1",
      "p": 1.399,
      "newP": 3.499
    },
    {
      "name": "c_1_2",
      "p": 1.4,
      "newP": 3.5
    },
    {
      "name": "c_2_3",
      "p": 1.399,
      "newP": 3.499
    }
  ],
  [
    {
      "name": "c_2_2",
      "p": 0,
      "newP": 8.4
    },
    {
      "name": "c_3_2",
      "p": 3.5,
      "newP": 1.4
    },
    {
      "name": "c_2_1",
      "p": 3.499,
      "newP": 1.399
    },
    {
      "name": "c_1_2",
      "p": 3.5,
      "newP": 1.4
    },
    {
      "name": "c_2_3",
      "p": 3.499,
      "newP": 1.399
    }
  ],
  [
    {
      "name": "c_2_2",
      "p": 8.4,
      "newP": 0
    },
    {
      "name": "c_3_2",
      "p": 1.4,
      "newP": 3.5
    },
    {
      "name": "c_2_1",
      "p": 1.399,
      "newP": 3.499
    },
    {
      "name": "c_1_2",
      "p": 1.4,
      "newP": 3.5
    },
    {
      "name": "c_2_3",
      "p": 1.399,
      "newP": 3.499
    }
  ],
  [
    {
      "name": "c_2_2",
      "p": 0,
      "newP": 8.4
    },
    {
      "name": "c_3_2",
      "p": 3.5,
      "newP": 1.4
    },
    {
      "name": "c_2_1",
      "p": 3.499,
      "newP": 1.399
    },
    {
      "name": "c_1_2",
      "p": 3.5,
      "newP": 1.4
    },
    {
      "name": "c_2_3",
      "p": 3.499,
      "newP": 1.399
    }
  ],
  [
    {
      "name": "c_2_2",
      "p": 8.4,
      "newP": 0
    },
    {
      "name": "c_3_2",
      "p": 1.4,
      "newP": 3.5
    },
    {
      "name": "c_2_1",
      "p": 1.399,
      "newP": 3.499
    },
    {
      "name": "c_1_2",
      "p": 1.4,
      "newP": 3.5
    },
    {
      "name": "c_2_3",
      "p": 1.399,
      "newP": 3.499
    }
  ],
  [
    {
      "name": "c_2_2",
      "p": 0,
      "newP": 8.4
    },
    {
      "name": "c_3_2",
      "p": 3.5,
      "newP": 1.4
    },
    {
      "name": "c_2_1",
      "p": 3.499,
      "newP": 1.399
    },
    {
      "name": "c_1_2",
      "p": 3.5,
      "newP": 1.4
    },
    {
      "name": "c_2_3",
      "p": 3.499,
      "newP": 1.399
    }
  ],
  [
    {
      "name": "c_2_2",
      "p": 8.4,
      "newP": 0
    },
    {
      "name": "c_3_2",
      "p": 1.4,
      "newP": 3.5
    },
    {
      "name": "c_2_1",
      "p": 1.399,
      "newP": 3.499
    },
    {
      "name": "c_1_2",
      "p": 1.4,
      "newP": 3.5
    },
    {
      "name": "c_2_3",
      "p": 1.399,
      "newP": 3.499
    }
  ],
  [
    {
      "name": "c_2_2",
      "p": 0,
      "newP": 8.4
    },
    {
      "name": "c_3_2",
      "p": 3.5,
      "newP": 1.4
    },
    {
      "name": "c_2_1",
      "p": 3.499,
      "newP": 1.399
    },
    {
      "name": "c_1_2",
      "p": 3.5,
      "newP": 1.4
    },
    {
      "name": "c_2_3",
      "p": 3.499,
      "newP": 1.399
    }
  ],
  [
    {
      "name": "c_2_2",
      "p": 8.4,
      "newP": 0
    },
    {
      "name": "c_3_2",
      "p": 1.4,
      "newP": 3.5
    },
    {
      "name": "c_2_1",
      "p": 1.399,
      "newP": 3.499
    },
    {
      "name": "c_1_2",
      "p": 1.4,
      "newP": 3.5
    },
    {
      "name": "c_2_3",
      "p": 1.399,
      "newP": 3.499
    }
  ],
  [
    {
      "name": "c_2_2",
      "p": 0,
      "newP": 8.4
    },
    {
      "name": "c_3_2",
      "p": 3.5,
      "newP": 1.4
    },
    {
      "name": "c_2_1",
      "p": 3.499,
      "newP": 1.399
    },
    {
      "name": "c_1_2",
      "p": 3.5,
      "newP": 1.4
    },
    {
      "name": "c_2_3",
      "p": 3.499,
      "newP": 1.399
    }
  ],
  [
    {
      "name": "c_2_2",
      "p": 8.4,
      "newP": 0
    },
    {
      "name": "c_3_2",
      "p": 1.4,
      "newP": 3.5
    },
    {
      "name": "c_2_1",
      "p": 1.399,
      "newP": 3.499
    },
    {
      "name": "c_1_2",
      "p": 1.4,
      "newP": 3.5
    },
    {
      "name": "c_2_3",
      "p": 1.399,
      "newP": 3.499
    }
  ],
  [
    {
      "name": "c_2_2",
      "p": 0,
      "newP": 8.4
    },
    {
      "name": "c_3_2",
      "p": 3.5,
      "newP": 1.4
    },
    {
      "name": "c_2_1",
      "p": 3.499,
      "newP": 1.399
    },
    {
      "name": "c_1_2",
      "p": 3.5,
      "newP": 1.4
    },
    {
      "name": "c_2_3",
      "p": 3.499,
      "newP": 1.399
    }
  ],
  [
    {
      "name": "c_2_2",
      "p": 8.4,
      "newP": 0
    },
    {
      "name": "c_3_2",
      "p": 1.4,
      "newP": 3.5
    },
    {
      "name": "c_2_1",
      "p": 1.399,
      "newP": 3.499
    },
    {
      "name": "c_1_2",
      "p": 1.4,
      "newP": 3.5
    },
    {
      "name": "c_2_3",
      "p": 1.399,
      "newP": 3.499
    }
  ],
  [
    {
      "name": "c_2_2",
      "p": 0,
      "newP": 8.4
    },
    {
      "name": "c_3_2",
      "p": 3.5,
      "newP": 1.4
    },
    {
      "name": "c_2_1",
      "p": 3.499,
      "newP": 1.399
    },
    {
      "name": "c_1_2",
      "p": 3.5,
      "newP": 1.4
    },
    {
      "name": "c_2_3",
      "p": 3.499,
      "newP": 1.399
    }
  ],
  [
    {
      "name": "c_2_2",
      "p": 8.4,
      "newP": 0
    },
    {
      "name": "c_3_2",
      "p": 1.4,
      "newP": 3.5
    },
    {
      "name": "c_2_1",
      "p": 1.399,
      "newP": 3.499
    },
    {
      "name": "c_1_2",
      "p": 1.4,
      "newP": 3.5
    },
    {
      "name": "c_2_3",
      "p": 1.399,
      "newP": 3.499
    }
  ],
  [
    {
      "name": "c_2_2",
      "p": 0,
      "newP": 8.4
    },
    {
      "name": "c_3_2",
      "p": 3.5,
      "newP": 1.4
    },
    {
      "name": "c_2_1",
      "p": 3.499,
      "newP": 1.399
    },
    {
      "name": "c_1_2",
      "p": 3.5,
      "newP": 1.4
    },
    {
      "name": "c_2_3",
      "p": 3.499,
      "newP": 1.399
    }
  ],
  [
    {
      "name": "c_2_2",
      "p": 8.4,
      "newP": 0
    },
    {
      "name": "c_3_2",
      "p": 1.4,
      "newP": 3.5
    },
    {
      "name": "c_2_1",
      "p": 1.399,
      "newP": 3.499
    },
    {
      "name": "c_1_2",
      "p": 1.4,
      "newP": 3.5
    },
    {
      "name": "c_2_3",
      "p": 1.399,
      "newP": 3.499
    }
  ],
  [
    {
      "name": "c_2_2",
      "p": 0,
      "newP": 8.4
    },
    {
      "name": "c_3_2",
      "p": 3.5,
      "newP": 1.4
    },
    {
      "name": "c_2_1",
      "p": 3.499,
      "newP": 1.399
    },
    {
      "name": "c_1_2",
      "p": 3.5,
      "newP": 1.4
    },
    {
      "name": "c_2_3",
      "p": 3.499,
      "newP": 1.399
    }
  ],
  [
    {
      "name": "c_2_2",
      "p": 8.4,
      "newP": 0
    },
    {
      "name": "c_3_2",
      "p": 1.4,
      "newP": 3.5
    },
    {
      "name": "c_2_1",
      "p": 1.399,
      "newP": 3.499
    },
    {
      "name": "c_1_2",
      "p": 1.4,
      "newP": 3.5
    },
    {
      "name": "c_2_3",
      "p": 1.399,
      "newP": 3.5
    }
  ],
  [
    {
      "name": "c_2_2",
      "p": 0,
      "newP": 8.4
    },
    {
      "name": "c_3_2",
      "p": 3.5,
      "newP": 1.4
    },
    {
      "name": "c_2_1",
      "p": 3.499,
      "newP": 1.399
    },
    {
      "name": "c_1_2",
      "p": 3.5,
      "newP": 1.4
    },
    {
      "name": "c_2_3",
      "p": 3.5,
      "newP": 1.4
    }
  ],
  [
    {
      "name": "c_2_2",
      "p": 8.4,
      "newP": 0
    },
    {
      "name": "c_3_2",
      "p": 1.4,
      "newP": 3.5
    },
    {
      "name": "c_2_1",
      "p": 1.399,
      "newP": 3.499
    },
    {
      "name": "c_1_2",
      "p": 1.4,
      "newP": 3.5
    },
    {
      "name": "c_2_3",
      "p": 1.4,
      "newP": 3.5
    }
  ],
  [
    {
      "name": "c_2_2",
      "p": 0,
      "newP": 8.4
    },
    {
      "name": "c_3_2",
      "p": 3.5,
      "newP": 1.4
    },
    {
      "name": "c_2_1",
      "p": 3.499,
      "newP": 1.399
    },
    {
      "name": "c_1_2",
      "p": 3.5,
      "newP": 1.4
    },
    {
      "name": "c_2_3",
      "p": 3.5,
      "newP": 1.4
    }
  ],
  [
    {
      "name": "c_2_2",
      "p": 8.4,
      "newP": 0
    },
    {
      "name": "c_3_2",
      "p": 1.4,
      "newP": 3.5
    },
    {
      "name": "c_2_1",
      "p": 1.399,
      "newP": 3.5
    },
    {
      "name": "c_1_2",
      "p": 1.4,
      "newP": 3.5
    },
    {
      "name": "c_2_3",
      "p": 1.4,
      "newP": 3.5
    }
  ],
  [
    {
      "name": "c_2_2",
      "p": 0,
      "newP": 8.4
    },
    {
      "name": "c_3_2",
      "p": 3.5,
      "newP": 1.4
    },
    {
      "name": "c_2_1",
      "p": 3.5,
      "newP": 1.4
    },
    {
      "name": "c_1_2",
      "p": 3.5,
      "newP": 1.4
    },
    {
      "name": "c_2_3",
      "p": 3.5,
      "newP": 1.4
    }
  ],
  [
    {
      "name": "c_2_2",
      "p": 8.4,
      "newP": 0
    },
    {
      "name": "c_3_2",
      "p": 1.4,
      "newP": 3.5
    },
    {
      "name": "c_2_1",
      "p": 1.4,
      "newP": 3.5
    },
    {
      "name": "c_1_2",
      "p": 1.4,
      "newP": 3.5
    },
    {
      "name": "c_2_3",
      "p": 1.4,
      "newP": 3.5
    }
  ],
  [
    {
      "name": "c_2_2",
      "p": 0,
      "newP": 8.4
    },
    {
      "name": "c_3_2",
      "p": 3.5,
      "newP": 1.4
    },
    {
      "name": "c_2_1",
      "p": 3.5,
      "newP": 1.4
    },
    {
      "name": "c_1_2",
      "p": 3.5,
      "newP": 1.4
    },
    {
      "name": "c_2_3",
      "p": 3.5,
      "newP": 1.4
    }
  ],
  [
    {
      "name": "c_2_2",
      "p": 8.4,
      "newP": 0
    },
    {
      "name": "c_3_2",
      "p": 1.4,
      "newP": 3.5
    },
    {
      "name": "c_2_1",
      "p": 1.4,
      "newP": 3.5
    },
    {
      "name": "c_1_2",
      "p": 1.4,
      "newP": 3.5
    },
    {
      "name": "c_2_3",
      "p": 1.4,
      "newP": 3.5
    }
  ],
  [
    {
      "name": "c_2_2",
      "p": 0,
      "newP": 8.4
    },
    {
      "name": "c_3_2",
      "p": 3.5,
      "newP": 1.4
    },
    {
      "name": "c_2_1",
      "p": 3.5,
      "newP": 1.4
    },
    {
      "name": "c_1_2",
      "p": 3.5,
      "newP": 1.4
    },
    {
      "name": "c_2_3",
      "p": 3.5,
      "newP": 1.4
    }
  ],
  [
    {
      "name": "c_2_2",
      "p": 8.4,
      "newP": 0
    },
    {
      "name": "c_3_2",
      "p": 1.4,
      "newP": 3.5
    },
    {
      "name": "c_2_1",
      "p": 1.4,
      "newP": 3.5
    },
    {
      "name": "c_1_2",
      "p": 1.4,
      "newP": 3.5
    },
    {
      "name": "c_2_3",
      "p": 1.4,
      "newP": 3.5
    }
  ],
  [
    {
      "name": "c_2_2",
      "p": 0,
      "newP": 8.4
    },
    {
      "name": "c_3_2",
      "p": 3.5,
      "newP": 1.4
    },
    {
      "name": "c_2_1",
      "p": 3.5,
      "newP": 1.4
    },
    {
      "name": "c_1_2",
      "p": 3.5,
      "newP": 1.4
    },
    {
      "name": "c_2_3",
      "p": 3.5,
      "newP": 1.4
    }
  ],
  [
    {
      "name": "c_2_2",
      "p": 8.4,
      "newP": 0
    },
    {
      "name": "c_3_2",
      "p": 1.4,
      "newP": 3.5
    },
    {
      "name": "c_2_1",
      "p": 1.4,
      "newP": 3.5
    },
    {
      "name": "c_1_2",
      "p": 1.4,
      "newP": 3.5
    },
    {
      "name": "c_2_3",
      "p": 1.4,
      "newP": 3.5
    }
  ],
  [
    {
      "name": "c_2_2",
      "p": 0,
      "newP": 8.4
    },
    {
      "name": "c_3_2",
      "p": 3.5,
      "newP": 1.4
    },
    {
      "name": "c_2_1",
      "p": 3.5,
      "newP": 1.4
    },
    {
      "name": "c_1_2",
      "p": 3.5,
      "newP": 1.4
    },
    {
      "name": "c_2_3",
      "p": 3.5,
      "newP": 1.4
    }
  ],
  [
    {
      "name": "c_2_2",
      "p": 8.4,
      "newP": 0
    },
    {
      "name": "c_3_2",
      "p": 1.4,
      "newP": 3.5
    },
    {
      "name": "c_2_1",
      "p": 1.4,
      "newP": 3.5
    },
    {
      "name": "c_1_2",
      "p": 1.4,
      "newP": 3.5
    },
    {
      "name": "c_2_3",
      "p": 1.4,
      "newP": 3.5
    }
  ],
  [
    {
      "name": "c_2_2",
      "p": 0,
      "newP": 8.4
    },
    {
      "name": "c_3_2",
      "p": 3.5,
      "newP": 1.4
    },
    {
      "name": "c_2_1",
      "p": 3.5,
      "newP": 1.4
    },
    {
      "name": "c_1_2",
      "p": 3.5,
      "newP": 1.4
    },
    {
      "name": "c_2_3",
      "p": 3.5,
      "newP": 1.4
    }
  ],
  [
    {
      "name": "c_2_2",
      "p": 8.4,
      "newP": 0
    },
    {
      "name": "c_3_2",
      "p": 1.4,
      "newP": 3.5
    },
    {
      "name": "c_2_1",
      "p": 1.4,
      "newP": 3.5
    },
    {
      "name": "c_1_2",
      "p": 1.4,
      "newP": 3.5
    },
    {
      "name": "c_2_3",
      "p": 1.4,
      "newP": 3.5
    }
  ],
  [
    {
      "name": "c_2_2",
      "p": 0,
      "newP": 8.4
    },
    {
      "name": "c_3_2",
      "p": 3.5,
      "newP": 1.4
    },
    {
      "name": "c_2_1",
      "p": 3.5,
      "newP": 1.4
    },
    {
      "name": "c_1_2",
      "p": 3.5,
      "newP": 1.4
    },
    {
      "name": "c_2_3",
      "p": 3.5,
      "newP": 1.4
    }
  ],
  [
    {
      "name": "c_2_2",
      "p": 8.4,
      "newP": 0
    },
    {
      "name": "c_3_2",
      "p": 1.4,
      "newP": 3.5
    },
    {
      "name": "c_2_1",
      "p": 1.4,
      "newP": 3.5
    },
    {
      "name": "c_1_2",
      "p": 1.4,
      "newP": 3.5
    },
    {
      "name": "c_2_3",
      "p": 1.4,
      "newP": 3.5
    }
  ],
  [
    {
      "name": "c_2_2",
      "p": 0,
      "newP": 8.4
    },
    {
      "name": "c_3_2",
      "p": 3.5,
      "newP": 1.4
    },
    {
      "name": "c_2_1",
      "p": 3.5,
      "newP": 1.4
    },
    {
      "name": "c_1_2",
      "p": 3.5,
      "newP": 1.4
    },
    {
      "name": "c_2_3",
      "p": 3.5,
      "newP": 1.4
    }
  ],
  [
    {
      "name": "c_2_2",
      "p": 8.4,
      "newP": 0
    },
    {
      "name": "c_3_2",
      "p": 1.4,
      "newP": 3.5
    },
    {
      "name": "c_2_1",
      "p": 1.4,
      "newP": 3.5
    },
    {
      "name": "c_1_2",
      "p": 1.4,
      "newP": 3.5
    },
    {
      "name": "c_2_3",
      "p": 1.4,
      "newP": 3.5
    }
  ],
  [
    {
      "name": "c_2_2",
      "p": 0,
      "newP": 8.4
    },
    {
      "name": "c_3_2",
      "p": 3.5,
      "newP": 1.4
    },
    {
      "name": "c_2_1",
      "p": 3.5,
      "newP": 1.4
    },
    {
      "name": "c_1_2",
      "p": 3.5,
      "newP": 1.4
    },
    {
      "name": "c_2_3",
      "p": 3.5,
      "newP": 1.4
    }
  ],
  [
    {
      "name": "c_2_2",
      "p": 8.4,
      "newP": 0
    },
    {
      "name": "c_3_2",
      "p": 1.4,
      "newP": 3.5
    },
    {
      "name": "c_2_1",
      "p": 1.4,
      "newP": 3.5
    },
    {
      "name": "c_1_2",
      "p": 1.4,
      "newP": 3.5
    },
    {
      "name": "c_2_3",
      "p": 1.4,
      "newP": 3.5
    }
  ],
  [
    {
      "name": "c_2_2",
      "p": 0,
      "newP": 8.4
    },
    {
      "name": "c_3_2",
      "p": 3.5,
      "newP": 1.4
    },
    {
      "name": "c_2_1",
      "p": 3.5,
      "newP": 1.4
    },
    {
      "name": "c_1_2",
      "p": 3.5,
      "newP": 1.4
    },
    {
      "name": "c_2_3",
      "p": 3.5,
      "newP": 1.4
    }
  ],
  [
    {
      "name": "c_2_2",
      "p": 8.4,
      "newP": 0
    },
    {
      "name": "c_3_2",
      "p": 1.4,
      "newP": 3.5
    },
    {
      "name": "c_2_1",
      "p": 1.4,
      "newP": 3.5
    },
    {
      "name": "c_1_2",
      "p": 1.4,
      "newP": 3.5
    },
    {
      "name": "c_2_3",
      "p": 1.4,
      "newP": 3.5
    }
  ],
  [
    {
      "name": "c_2_2",
      "p": 0,
      "newP": 8.4
    },
    {
      "name": "c_3_2",
      "p": 3.5,
      "newP": 1.4
    },
    {
      "name": "c_2_1",
      "p": 3.5,
      "newP": 1.4
    },
    {
      "name": "c_1_2",
      "p": 3.5,
      "newP": 1.4
    },
    {
      "name": "c_2_3",
      "p": 3.5,
      "newP": 1.4
    }
  ],
  [
    {
      "name": "c_2_2",
      "p": 8.4,
      "newP": 0
    },
    {
      "name": "c_3_2",
      "p": 1.4,
      "newP": 3.5
    },
    {
      "name": "c_2_1",
      "p": 1.4,
      "newP": 3.5
    },
    {
      "name": "c_1_2",
      "p": 1.4,
      "newP": 3.5
    },
    {
      "name": "c_2_3",
      "p": 1.4,
      "newP": 3.5
    }
  ],
  [
    {
      "name": "c_2_2",
      "p": 0,
      "newP": 8.4
    },
    {
      "name": "c_3_2",
      "p": 3.5,
      "newP": 1.4
    },
    {
      "name": "c_2_1",
      "p": 3.5,
      "newP": 1.4
    },
    {
      "name": "c_1_2",
      "p": 3.5,
      "newP": 1.4
    },
    {
      "name": "c_2_3",
      "p": 3.5,
      "newP": 1.4
    }
  ]
]