[
  [
    {
      "name": "c_2_2",
      "p": 5,
      "newP": 3.9
    },
    {
      "name": "c_3_2",
      "p": 3,
      "newP": 3.2
    },
    {
      "name": "c_2_1",
      "p": 1,
      "newP": 1.4
    },
    {
      "name": "c_1_2",
      "p": 3,
      "newP": 3.2
    },
    {
      "name": "c_2_3",
      "p": 2,
      "newP": 2.3
    }
  ],
  [
    {
      "name": "c_2_2",
      "p": 3.9,
      "newP": 3.35
    },
    {
      "name": "c_3_2",
      "p": 3.2,
      "newP": 3.27
    },
    {
      "name": "c_2_1",
      "p": 1.4,
      "newP": 1.65
    },
    {
      "name": "c_1_2",
      "p": 3.2,
      "newP": 3.27
    },
    {
      "name": "c_2_3",
      "p": 2.3,
      "newP": 2.46
    }
  ],
  [
    {
      "name": "c_2_2",
      "p": 3.35,
      "newP": 3.075
    },
    {
      "name": "c_3_2",
      "p": 3.27,
      "newP": 3.278
    },
    {
      "name": "c_2_1",
      "p": 1.65,
      "newP": 1.819
    },
    {
      "name": "c_1_2",
      "p": 3.27,
      "newP": 3.278
    },
    {
      "name": "c_2_3",
      "p": 2.46,
      "newP": 2.549
    }
  ],
  [
    {
      "name": "c_2_2",
      "p": 3.075,
      "newP": 2.937
    },
    {
      "name": "c_3_2",
      "p": 3.278,
      "newP": 3.257
    },
    {
      "name": "c_2_1",
      "p": 1.819,
      "newP": 1.945
    },
    {
      "name": "c_1_2",
      "p": 3.278,
      "newP": 3.257
    },
    {
      "name": "c_2_3",
      "p": 2.549,
      "newP": 2.601
    }
  ],
  [
    {
      "name": "c_2_2",
      "p": 2.937,
      "newP": 2.868
    },
    {
      "name": "c_3_2",
      "p": 3.257,
      "newP": 3.225
    },
    {
      "name": "c_2_1",
      "p": 1.945,
      "newP": 2.044
    },
    {
      "name": "c_1_2",
      "p": 3.257,
      "newP": 3.225
    },
    {
      "name": "c_2_3",
      "p": 2.601,
      "newP": 2.635
    }
  ],
  [
    {
      "name": "c_2_2",
      "p": 2.868,
      "newP": 2.834
    },
    {
      "name": "c_3_2",
      "p": 3.225,
      "newP": 3.189
    },
    {
      "name": "c_2_1",
      "p": 2.044,
      "newP": 2.127
    },
    {
      "name": "c_1_2",
      "p": 3.225,
      "newP": 3.189
    },
    {
      "name": "c_2_3",
      "p": 2.635,
      "newP": 2.658
    }
  ],
  [
    {
      "name": "c_2_2",
      "p": 2.834,
      "newP": 2.817
    },
    {
      "name": "c_3_2",
      "p": 3.189,
      "newP": 3.154
    },
    {
      "name": "c_2_1",
      "p": 2.127,
      "newP": 2.197
    },
    {
      "name": "c_1_2",
      "p": 3.189,
      "newP": 3.154
    },
    {
      "name": "c_2_3",
      "p": 2.658,
      "newP": 2.676
    }
  ],
  [
    {
      "name": "c_2_2",
      "p": 2.817,
      "newP": 2.808
    },
    {
      "name": "c_3_2",
      "p": 3.154,
      "newP": 3.12
    },
    {
      "name": "c_2_1",
      "p": 2.197,
      "newP": 2.259
    },
    {
      "name": "c_1_2",
      "p": 3.154,
      "newP": 3.12
    },
    {
      "name": "c_2_3",
      "p": 2.676,
      "newP": 2.69
    }
  ],
  [
    {
      "name": "c_2_2",
      "p": 2.808,
      "newP": 2.804
    },
    {
      "name": "c_3_2",
      "p": 3.12,
      "newP": 3.089
    },
    {
      "name": "c_2_1",
      "p": 2.259,
      "newP": 2.314
    },
    {
      "name": "c_1_2",
      "p": 3.12,
      "newP": 3.089
    },
    {
      "name": "c_2_3",
      "p": 2.69,
      "newP": 2.702
    }
  ],
  [
    {
      "name": "c_2_2",
      "p": 2.804,
      "newP": 2.802
    },
    {
      "name": "c_3_2",
      "p": 3.089,
      "newP": 3.06
    },
    {
      "name": "c_2_1",
      "p": 2.314,
      "newP": 2.363
    },
    {
      "name": "c_1_2",
      "p": 3.089,
      "newP": 3.06
    },
    {
      "name": "c_2_3",
      "p": 2.702,
      "newP": 2.712
    }
  ],
  [
    {
      "name": "c_2_2",
      "p": 2.802,
      "newP": 2.801
    },
    {
      "name": "c_3_2",
      "p": 3.06,
      "newP": 3.035
    },
    {
      "name": "c_2_1",
      "p": 2.363,
      "newP": 2.407
    },
    {
      "name": "c_1_2",
      "p": 3.06,
      "newP": 3.035
    },
    {
      "name": "c_2_3",
      "p": 2.712,
      "newP": 2.721
    }
  ],
  [
    {
      "name": "c_2_2",
      "p": 2.801,
      "newP": 2.8
    },
    {
      "name": "c_3_2",
      "p": 3.035,
      "newP": 3.011
    },
    {
      "name": "c_2_1",
      "p": 2.407,
      "newP": 2.446
    },
    {
      "name": "c_1_2",
      "p": 3.035,
      "newP": 3.011
    },
    {
      "name": "c_2_3",
      "p": 2.721,
      "newP": 2.729
    }
  ],
  [
    {
      "name": "c_2_2",
      "p": 2.8,
      "newP": 2.8
    },
    {
      "name": "c_3_2",
      "p": 3.011,
      "newP": 2.99
    },
    {
      "name": "c_2_1",
      "p": 2.446,
      "newP": 2.482
    },
    {
      "name": "c_1_2",
      "p": 3.011,
      "newP": 2.99
    },
    {
      "name": "c_2_3",
      "p": 2.729,
      "newP": 2.736
    }
  ],
  [
    {
      "name": "c_2_2",
      "p": 2.8,
      "newP": 2.8
    },
    {
      "name": "c_3_2",
      "p": 2.99,
      "newP": 2.971
    },
    {
      "name": "c_2_1",
      "p": 2.482,
      "newP": 2.514
    },
    {
      "name": "c_1_2",
      "p": 2.99,
      "newP": 2.971
    },
    {
      "name": "c_2_3",
      "p": 2.736,
      "newP": 2.742
    }
  ],
  [
    {
      "name": "c_2_2",
      "p": 2.8,
      "newP": 2.8
    },
    {
      "name": "c_3_2",
      "p": 2.971,
      "newP": 2.954
    },
    {
      "name": "c_2_1",
      "p": 2.514,
      "newP": 2.542
    },
    {
      "name": "c_1_2",
      "p": 2.971,
      "newP": 2.954
    },
    {
      "name": "c_2_3",
      "p": 2.742,
      "newP": 2.748
    }
  ],
  [
    {
      "name": "c_2_2",
      "p": 2.8,
      "newP": 2.8
    },
    {
      "name": "c_3_2",
      "p": 2.954,
      "newP": 2.938
    },
    {
      "name": "c_2_1",
      "p": 2.542,
      "newP": 2.568
    },
    {
      "name": "c_1_2",
      "p": 2.954,
      "newP": 2.938
    },
    {
      "name": "c_2_3",
      "p": 2.748,
      "newP": 2.753
    }
  ],
  [
    {
      "name": "c_2_2",
      "p": 2.8,
      "newP": 2.8
    },
    {
      "name": "c_3_2",
      "p": 2.938,
      "newP": 2.925
    },
    {
      "name": "c_2_1",
      "p": 2.568,
      "newP": 2.591
    },
    {
      "name": "c_1_2",
      "p": 2.938,
      "newP": 2.925
    },
    {
      "name": "c_2_3",
      "p": 2.753,
      "newP": 2.758
    }
  ],
  [
    {
      "name": "c_2_2",
      "p": 2.8,
      "newP": 2.8
    },
    {
      "name": "c_3_2",
      "p": 2.925,
      "newP": 2.912
    },
    {
      "name": "c_2_1",
      "p": 2.591,
      "newP": 2.612
    },
    {
      "name": "c_1_2",
      "p": 2.925,
      "newP": 2.912
    },
    {
      "name": "c_2_3",
      "p": 2.758,
      "newP": 2.762
    }
  ],
  [
    {
      "name": "c_2_2",
      "p": 2.8,
      "newP": 2.8
    },
    {
      "name": "c_3_2",
      "p": 2.912,
      "newP": 2.901
    },
    {
      "name": "c_2_1",
      "p": 2.612,
      "newP": 2.631
    },
    {
      "name": "c_1_2",
      "p": 2.912,
      "newP": 2.901
    },
    {
      "name": "c_2_3",
      "p": 2.762,
      "newP": 2.766
    }
  ],
  [
    {
      "name": "c_2_2",
      "p": 2.8,
      "newP": 2.8
    },
    {
      "name": "c_3_2",
      "p": 2.901,
      "newP": 2.891
    },
    {
      "name": "c_2_1",
      "p": 2.631,
      "newP": 2.648
    },
    {
      "name": "c_1_2",
      "p": 2.901,
      "newP": 2.891
    },
    {
      "name": "c_2_3",
      "p": 2.766,
      "newP": 2.769
    }
  ],
  [
    {
      "name": "c_2_2",
      "p": 2.8,
      "newP": 2.8
    },
    {
      "name": "c_3_2",
      "p": 2.891,
      "newP": 2.882
    },
    {
      "name": "c_2_1",
      "p": 2.648,
      "newP": 2.663
    },
    {
      "name": "c_1_2",
      "p": 2.891,
      "newP": 2.882
    },
    {
      "name": "c_2_3",
      "p": 2.769,
      "newP": 2.772
    }
  ],
  [
    {
      "name": "c_2_2",
      "p": 2.8,
      "newP": 2.8
    },
    {
      "name": "c_3_2",
      "p": 2.882,
      "newP": 2.873
    },
    {
      "name": "c_2_1",
      "p": 2.663,
      "newP": 2.676
    },
    {
      "name": "c_1_2",
      "p": 2.882,
      "newP": 2.873
    },
    {
      "name": "c_2_3",
      "p": 2.772,
      "newP": 2.775
    }
  ],
  [
    {
      "name": "c_2_2",
      "p": 2.8,
      "newP": 2.8
    },
    {
      "name": "c_3_2",
      "p": 2.873,
      "newP": 2.866
    },
    {
      "name": "c_2_1",
      "p": 2.676,
      "newP": 2.689
    },
    {
      "name": "c_1_2",
      "p": 2.873,
      "newP": 2.866
    },
    {
      "name": "c_2_3",
      "p": 2.775,
      "newP": 2.777
    }
  ],
  [
    {
      "name": "c_2_2",
      "p": 2.8,
      "newP": 2.8
    },
    {
      "name": "c_3_2",
      "p": 2.866,
      "newP": 2.859
    },
    {
      "name": "c_2_1",
      "p": 2.689,
      "newP": 2.7
    },
    {
      "name": "c_1_2",
      "p": 2.866,
      "newP": 2.859
    },
    {
      "name": "c_2_3",
      "p": 2.777,
      "newP": 2.78
    }
  ],
  [
    {
      "name": "c_2_2",
      "p": 2.8,
      "newP": 2.8
    },
    {
      "name": "c_3_2",
      "p": 2.859,
      "newP": 2.853
    },
    {
      "name": "c_2_1",
      "p": 2.7,
      "newP": 2.71
    },
    {
      "name": "c_1_2",
      "p": 2.859,
      "newP": 2.853
    },
    {
      "name": "c_2_3",
      "p": 2.78,
      "newP": 2.782
    }
  ],
  [
    {
      "name": "c_2_2",
      "p": 2.8,
      "newP": 2.8
    },
    {
      "name": "c_3_2",
      "p": 2.853,
      "newP": 2.848
    },
    {
      "name": "c_2_1",
      "p": 2.71,
      "newP": 2.719
    },
    {
      "name": "c_1_2",
      "p": 2.853,
      "newP": 2.848
    },
    {
      "name": "c_2_3",
      "p": 2.782,
      "newP": 2.783
    }
  ],
  [
    {
      "name": "c_2_2",
      "p": 2.8,
      "newP": 2.8
    },
    {
      "name": "c_3_2",
      "p": 2.848,
      "newP": 2.843
    },
    {
      "name": "c_2_1",
      "p": 2.719,
      "newP": 2.727
    },
    {
      "name": "c_1_2",
      "p": 2.848,
      "newP": 2.843
    },
    {
      "name": "c_2_3",
      "p": 2.783,
      "newP": 2.785
    }
  ],
  [
    {
      "name": "c_2_2",
      "p": 2.8,
      "newP": 2.8
    },
    {
      "name": "c_3_2",
      "p": 2.843,
      "newP": 2.839
    },
    {
      "name": "c_2_1",
      "p": 2.727,
      "newP": 2.734
    },
    {
      "name": "c_1_2",
      "p": 2.843,
      "newP": 2.839
    },
    {
      "name": "c_2_3",
      "p": 2.785,
      "newP": 2.786
    }
  ],
  [
    {
      "name": "c_2_2",
      "p": 2.8,
      "newP": 2.8
    },
    {
      "name": "c_3_2",
      "p": 2.839,
      "newP": 2.835
    },
    {
      "name": "c_2_1",
      "p": 2.734,
      "newP": 2.741
    },
    {
      "name": "c_1_2",
      "p": 2.839,
      "newP": 2.835
    },
    {
      "name": "c_2_3",
      "p": 2.786,
      "newP": 2.788
    }
  ],
  [
    {
      "name": "c_2_2",
      "p": 2.8,
      "newP": 2.8
    },
    {
      "name": "c_3_2",
      "p": 2.835,
      "newP": 2.831
    },
    {
      "name": "c_2_1",
      "p": 2.741,
      "newP": 2.747
    },
    {
      "name": "c_1_2",
      "p": 2.835,
      "newP": 2.831
    },
    {
      "name": "c_2_3",
      "p": 2.788,
      "newP": 2.789
    }
  ],
  [
    {
      "name": "c_2_2",
      "p": 2.8,
      "newP": 2.8
    },
    {
      "name": "c_3_2",
      "p": 2.831,
      "newP": 2.828
    },
    {
      "name": "c_2_1",
      "p": 2.747,
      "newP": 2.752
    },
    {
      "name": "c_1_2",
      "p": 2.831,
      "newP": 2.828
    },
    {
      "name": "c_2_3",
      "p": 2.789,
      "newP": 2.79
    }
  ],
  [
    {
      "name": "c_2_2",
      "p": 2.8,
      "newP": 2.8
    },
    {
      "name": "c_3_2",
      "p": 2.828,
      "newP": 2.825
    },
    {
      "name": "c_2_1",
      "p": 2.752,
      "newP": 2.757
    },
    {
      "name": "c_1_2",
      "p": 2.828,
      "newP": 2.825
    },
    {
      "name": "c_2_3",
      "p": 2.79,
      "newP": 2.791
    }
  ],
  [
    {
      "name": "c_2_2",
      "p": 2.8,
      "newP": 2.8
    },
    {
      "name": "c_3_2",
      "p": 2.825,
      "newP": 2.823
    },
    {
      "name": "c_2_1",
      "p": 2.757,
      "newP": 2.761
    },
    {
      "name": "c_1_2",
      "p": 2.825,
      "newP": 2.823
    },
    {
      "name": "c_2_3",
      "p": 2.791,
      "newP": 2.792
    }
  ],
  [
    {
      "name": "c_2_2",
      "p": 2.8,
      "newP": 2.8
    },
    {
      "name": "c_3_2",
      "p": 2.823,
      "newP": 2.82
    },
    {
      "name": "c_2_1",
      "p": 2.761,
      "newP": 2.765
    },
    {
      "name": "c_1_2",
      "p": 2.823,
      "newP": 2.82
    },
    {
      "name": "c_2_3",
      "p": 2.792,
      "newP": 2.793
    }
  ],
  [
    {
      "name": "c_2_2",
      "p": 2.8,
      "newP": 2.8
    },
    {
      "name": "c_3_2",
      "p": 2.82,
      "newP": 2.818
    },
    {
      "name": "c_2_1",
      "p": 2.765,
      "newP": 2.768
    },
    {
      "name": "c_1_2",
      "p": 2.82,
      "newP": 2.818
    },
    {
      "name": "c_2_3",
      "p": 2.793,
      "newP": 2.793
    }
  ],
  [
    {
      "name": "c_2_2",
      "p": 2.8,
      "newP": 2.8
    },
    {
      "name": "c_3_2",
      "p": 2.818,
      "newP": 2.816
    },
    {
      "name": "c_2_1",
      "p": 2.768,
      "newP": 2.771
    },
    {
      "name": "c_1_2",
      "p": 2.818,
      "newP": 2.816
    },
    {
      "name": "c_2_3",
      "p": 2.793,
      "newP": 2.794
    }
  ],
  [
    {
      "name": "c_2_2",
      "p": 2.8,
      "newP": 2.8
    },
    {
      "name": "c_3_2",
      "p": 2.816,
      "newP": 2.815
    },
    {
      "name": "c_2_1",
      "p": 2.771,
      "newP": 2.774
    },
    {
      "name": "c_1_2",
      "p": 2.816,
      "newP": 2.815
    },
    {
      "name": "c_2_3",
      "p": 2.794,
      "newP": 2.794
    }
  ],
  [
    {
      "name": "c_2_2",
      "p": 2.8,
      "newP": 2.8
    },
    {
      "name": "c_3_2",
      "p": 2.815,
      "newP": 2.813
    },
    {
      "name": "c_2_1",
      "p": 2.774,
      "newP": 2.777
    },
    {
      "name": "c_1_2",
      "p": 2.815,
      "newP": 2.813
    },
    {
      "name": "c_2_3",
      "p": 2.794,
      "newP": 2.795
    }
  ],
  [
    {
      "name": "c_2_2",
      "p": 2.8,
      "newP": 2.8
    },
    {
      "name": "c_3_2",
      "p": 2.813,
      "newP": 2.812
    },
    {
      "name": "c_2_1",
      "p": 2.777,
      "newP": 2.779
    },
    {
      "name": "c_1_2",
      "p": 2.813,
      "newP": 2.812
    },
    {
      "name": "c_2_3",
      "p": 2.795,
      "newP": 2.795
    }
  ],
  [
    {
      "name": "c_2_2",
      "p": 2.8,
      "newP": 2.8
    },
    {
      "name": "c_3_2",
      "p": 2.812,
      "newP": 2.811
    },
    {
      "name": "c_2_1",
      "p": 2.779,
      "newP": 2.781
    },
    {
      "name": "c_1_2",
      "p": 2.812,
      "newP": 2.811
    },
    {
      "name": "c_2_3",
      "p": 2.795,
      "newP": 2.796
    }
  ],
  [
    {
      "name": "c_2_2",
      "p": 2.8,
      "newP": 2.8
    },
    {
      "name": "c_3_2",
      "p": 2.811,
      "newP": 2.809
    },
    {
      "name": "c_2_1",
      "p": 2.781,
      "newP": 2.783
    },
    {
      "name": "c_1_2",
      "p": 2.811,
      "newP": 2.809
    },
    {
      "name": "c_2_3",
      "p": 2.796,
      "newP": 2.796
    }
  ],
  [
    {
      "name": "c_2_2",
      "p": 2.8,
      "newP": 2.8
    },
    {
      "name": "c_3_2",
      "p": 2.809,
      "newP": 2.808
    },
    {
      "name": "c_2_1",
      "p": 2.783,
      "newP": 2.785
    },
    {
      "name": "c_1_2",
      "p": 2.809,
      "newP": 2.808
    },
    {
      "name": "c_2_3",
      "p": 2.796,
      "newP": 2.797
    }
  ],
  [
    {
      "name": "c_2_2",
      "p": 2.8,
      "newP": 2.8
    },
    {
      "name": "c_3_2",
      "p": 2.808,
      "newP": 2.808
    },
    {
      "name": "c_2_1",
      "p": 2.785,
      "newP": 2.786
    },
    {
      "name": "c_1_2",
      "p": 2.808,
      "newP": 2.808
    },
    {
      "name": "c_2_3",
      "p": 2.797,
      "newP": 2.797
    }
  ],
  [
    {
      "name": "c_2_2",
      "p": 2.8,
      "newP": 2.8
    },
    {
      "name": "c_3_2",
      "p": 2.808,
      "newP": 2.807
    },
    {
      "name": "c_2_1",
      "p": 2.786,
      "newP": 2.787
    },
    {
      "name": "c_1_2",
      "p": 2.808,
      "newP": 2.807
    },
    {
      "name": "c_2_3",
      "p": 2.797,
      "newP": 2.797
    }
  ],
  [
    {
      "name": "c_2_2",
      "p": 2.8,
      "newP": 2.8
    },
    {
      "name": "c_3_2",
      "p": 2.807,
      "newP": 2.806
    },
    {
      "name": "c_2_1",
      "p": 2.787,
      "newP": 2.789
    },
    {
      "name": "c_1_2",
      "p": 2.807,
      "newP": 2.806
    },
    {
      "name": "c_2_3",
      "p": 2.797,
      "newP": 2.797
    }
  ],
  [
    {
      "name": "c_2_2",
      "p": 2.8,
      "newP": 2.8
    },
    {
      "name": "c_3_2",
      "p": 2.806,
      "newP": 2.805
    },
    {
      "name": "c_2_1",
      "p": 2.789,
      "newP": 2.79
    },
    {
      "name": "c_1_2",
      "p": 2.806,
      "newP": 2.805
    },
    {
      "name": "c_2_3",
      "p": 2.797,
      "newP": 2.798
    }
  ],
  [
    {
      "name": "c_2_2",
      "p": 2.8,
      "newP": 2.8
    },
    {
      "name": "c_3_2",
      "p": 2.805,
      "newP": 2.805
    },
    {
      "name": "c_2_1",
      "p": 2.79,
      "newP": 2.791
    },
    {
      "name": "c_1_2",
      "p": 2.805,
      "newP": 2.805
    },
    {
      "name": "c_2_3",
      "p": 2.798,
      "newP": 2.798
    }
  ],
  [
    {
      "name": "c_2_2",
      "p": 2.8,
      "newP": 2.8
    },
    {
      "name": "c_3_2",
      "p": 2.805,
      "newP": 2.804
    },
    {
      "name": "c_2_1",
      "p": 2.791,
      "newP": 2.792
    },
    {
      "name": "c_1_2",
      "p": 2.805,
      "newP": 2.804
    },
    {
      "name": "c_2_3",
      "p": 2.798,
      "newP": 2.798
    }
  ],
  [
    {
      "name": "c_2_2",
      "p": 2.8,
      "newP": 2.8
    },
    {
      "name": "c_3_2",
      "p": 2.804,
      "newP": 2.804
    },
    {
      "name": "c_2_1",
      "p": 2.792,
      "newP": 2.792
    },
    {
      "name": "c_1_2",
      "p": 2.804,
      "newP": 2.804
    },
    {
      "name": "c_2_3",
      "p": 2.798,
      "newP": 2.798
    }
  ],
  [
    {
      "name": "c_2_2",
      "p": 2.8,
      "newP": 2.8
    },
    {
      "name": "c_3_2",
      "p": 2.804,
      "newP": 2.803
    },
    {
      "name": "c_2_1",
      "p": 2.792,
      "newP": 2.793
    },
    {
      "name": "c_1_2",
      "p": 2.804,
      "newP": 2.803
    },
    {
      "name": "c_2_3",
      "p": 2.798,
      "newP": 2.798
    }
  ],
  [
    {
      "name": "c_2_2",
      "p": 2.8,
      "newP": 2.8
    },
    {
      "name": "c_3_2",
      "p": 2.803,
      "newP": 2.803
    },
    {
      "name": "c_2_1",
      "p": 2.793,
      "newP": 2.794
    },
    {
      "name": "c_1_2",
      "p": 2.803,
      "newP": 2.803
    },
    {
      "name": "c_2_3",
      "p": 2.798,
      "newP": 2.798
    }
  ],
  [
    {
      "name": "c_2_2",
      "p": 2.8,
      "newP": 2.8
    },
    {
      "name": "c_3_2",
      "p": 2.803,
      "newP": 2.803
    },
    {
      "name": "c_2_1",
      "p": 2.794,
      "newP": 2.794
    },
    {
      "name": "c_1_2",
      "p": 2.803,
      "newP": 2.803
    },
    {
      "name": "c_2_3",
      "p": 2.798,
      "newP": 2.798
    }
  ],
  [
    {
      "name": "c_2_2",
      "p": 2.8,
      "newP": 2.8
    },
    {
      "name": "c_3_2",
      "p": 2.803,
      "newP": 2.802
    },
    {
      "name": "c_2_1",
      "p": 2.794,
      "newP": 2.795
    },
    {
      "name": "c_1_2",
      "p": 2.803,
      "newP": 2.802
    },
    {
      "name": "c_2_3",
      "p": 2.798,
      "newP": 2.799
    }
  ],
  [
    {
      "name": "c_2_2",
      "p": 2.8,
      "newP": 2.799
    },
    {
      "name": "c_3_2",
      "p": 2.802,
      "newP": 2.802
    },
    {
      "name": "c_2_1",
      "p": 2.795,
      "newP": 2.795
    },
    {
      "name": "c_1_2",
      "p": 2.802,
      "newP": 2.802
    },
    {
      "name": "c_2_3",
      "p": 2.799,
      "newP": 2.799
    }
  ],
  [
    {
      "name": "c_2_2",
      "p": 2.799,
      "newP": 2.799
    },
    {
      "name": "c_3_2",
      "p": 2.802,
      "newP": 2.802
    },
    {
      "name": "c_2_1",
      "p": 2.795,
      "newP": 2.796
    },
    {
      "name": "c_1_2",
      "p": 2.802,
      "newP": 2.802
    },
    {
      "name": "c_2_3",
      "p": 2.799,
      "newP": 2.799
    }
  ],
  [
    {
      "name": "c_2_2",
      "p": 2.799,
      "newP": 2.8
    },
    {
      "name": "c_3_2",
      "p": 2.802,
      "newP": 2.802
    },
    {
      "name": "c_2_1",
      "p": 2.796,
      "newP": 2.796
    },
    {
      "name": "c_1_2",
      "p": 2.802,
      "newP": 2.802
    },
    {
      "name": "c_2_3",
      "p": 2.799,
      "newP": 2.799
    }
  ],
  [
    {
      "name": "c_2_2",
      "p": 2.8,
      "newP": 2.8
    },
    {
      "name": "c_3_2",
      "p": 2.802,
      "newP": 2.801
    },
    {
      "name": "c_2_1",
      "p": 2.796,
      "newP": 2.796
    },
    {
      "name": "c_1_2",
      "p": 2.802,
      "newP": 2.801
    },
    {
      "name": "c_2_3",
      "p": 2.799,
      "newP": 2.799
    }
  ],
  [
    {
      "name": "c_2_2",
      "p": 2.8,
      "newP": 2.799
    },
    {
      "name": "c_3_2",
      "p": 2.801,
      "newP": 2.801
    },
    {
      "name": "c_2_1",
      "p": 2.796,
      "newP": 2.797
    },
    {
      "name": "c_1_2",
      "p": 2.801,
      "newP": 2.801
    },
    {
      "name": "c_2_3",
      "p": 2.799,
      "newP": 2.799
    }
  ],
  [
    {
      "name": "c_2_2",
      "p": 2.799,
      "newP": 2.799
    },
    {
      "name": "c_3_2",
      "p": 2.801,
      "newP": 2.801
    },
    {
      "name": "c_2_1",
      "p": 2.797,
      "newP": 2.797
    },
    {
      "name": "c_1_2",
      "p": 2.801,
      "newP": 2.801
    },
    {
      "name": "c_2_3",
      "p": 2.799,
      "newP": 2.799
    }
  ],
  [
    {
      "name": "c_2_2",
      "p": 2.799,
      "newP": 2.799
    },
    {
      "name": "c_3_2",
      "p": 2.801,
      "newP": 2.801
    },
    {
      "name": "c_2_1",
      "p": 2.797,
      "newP": 2.797
    },
    {
      "name": "c_1_2",
      "p": 2.801,
      "newP": 2.801
    },
    {
      "name": "c_2_3",
      "p": 2.799,
      "newP": 2.799
    }
  ],
  [
    {
      "name": "c_2_2",
      "p": 2.799,
      "newP": 2.799
    },
    {
      "name": "c_3_2",
      "p": 2.801,
      "newP": 2.801
    },
    {
      "name": "c_2_1",
      "p": 2.797,
      "newP": 2.797
    },
    {
      "name": "c_1_2",
      "p": 2.801,
      "newP": 2.801
    },
    {
      "name": "c_2_3",
      "p": 2.799,
      "newP": 2.799
    }
  ],
  [
    {
      "name": "c_2_2",
      "p": 2.799,
      "newP": 2.799
    },
    {
      "name": "c_3_2",
      "p": 2.801,
      "newP": 2.801
    },
    {
      "name": "c_2_1",
      "p": 2.797,
      "newP": 2.798
    },
    {
      "name": "c_1_2",
      "p": 2.801,
      "newP": 2.801
    },
    {
      "name": "c_2_3",
      "p": 2.799,
      "newP": 2.799
    }
  ],
  [
    {
      "name": "c_2_2",
      "p": 2.799,
      "newP": 2.799
    },
    {
      "name": "c_3_2",
      "p": 2.801,
      "newP": 2.8
    },
    {
      "name": "c_2_1",
      "p": 2.798,
      "newP": 2.798
    },
    {
      "name": "c_1_2",
      "p": 2.801,
      "newP": 2.8
    },
    {
      "name": "c_2_3",
      "p": 2.799,
      "newP": 2.799
    }
  ],
  [
    {
      "name": "c_2_2",
      "p": 2.799,
      "newP": 2.799
    },
    {
      "name": "c_3_2",
      "p": 2.8,
      "newP": 2.8
    },
    {
      "name": "c_2_1",
      "p": 2.798,
      "newP": 2.798
    },
    {
      "name": "c_1_2",
      "p": 2.8,
      "newP": 2.8
    },
    {
      "name": "c_2_3",
      "p": 2.799,
      "newP": 2.799
    }
  ],
  [
    {
      "name": "c_2_2",
      "p": 2.799,
      "newP": 2.799
    },
    {
      "name": "c_3_2",
      "p": 2.8,
      "newP": 2.8
    },
    {
      "name": "c_2_1",
      "p": 2.798,
      "newP": 2.798
    },
    {
      "name": "c_1_2",
      "p": 2.8,
      "newP": 2.8
    },
    {
      "name": "c_2_3",
      "p": 2.799,
      "newP": 2.799
    }
  ],
  [
    {
      "name": "c_2_2",
      "p": 2.799,
      "newP": 2.8
    },
    {
      "name": "c_3_2",
      "p": 2.8,
      "newP": 2.8
    },
    {
      "name": "c_2_1",
      "p": 2.798,
      "newP": 2.798
    },
    {
      "name": "c_1_2",
      "p": 2.8,
      "newP": 2.8
    },
    {
      "name": "c_2_3",
      "p": 2.799,
      "newP": 2.799
    }
  ],
  [
    {
      "name": "c_2_2",
      "p": 2.8,
      "newP": 2.799
    },
    {
      "name": "c_3_2",
      "p": 2.8,
      "newP": 2.8
    },
    {
      "name": "c_2_1",
      "p": 2.798,
      "newP": 2.798
    },
    {
      "name": "c_1_2",
      "p": 2.8,
      "newP": 2.8
    },
    {
      "name": "c_2_3",
      "p": 2.799,
      "newP": 2.799
    }
  ],
  [
    {
      "name": "c_2_2",
      "p": 2.799,
      "newP": 2.8
    },
    {
      "name": "c_3_2",
      "p": 2.8,
      "newP": 2.8
    },
    {
      "name": "c_2_1",
      "p": 2.798,
      "newP": 2.799
    },
    {
      "name": "c_1_2",
      "p": 2.8,
      "newP": 2.8
    },
    {
      "name": "c_2_3",
      "p": 2.799,
      "newP": 2.799
    }
  ],
  [
    {
      "name": "c_2_2",
      "p": 2.8,
      "newP": 2.8
    },
    {
      "name": "c_3_2",
      "p": 2.8,
      "newP": 2.8
    },
    {
      "name": "c_2_1",
      "p": 2.799,
      "newP": 2.799
    },
    {
      "name": "c_1_2",
      "p": 2.8,
      "newP": 2.8
    },
    {
      "name": "c_2_3",
      "p": 2.799,
      "newP": 2.799
    }
  ],
  [
    {
      "name": "c_2_2",
      "p": 2.8,
      "newP": 2.8
    },
    {
      "name": "c_3_2",
      "p": 2.8,
      "newP": 2.8
    },
    {
      "name": "c_2_1",
      "p": 2.799,
      "newP": 2.799
    },
    {
      "name": "c_1_2",
      "p": 2.8,
      "newP": 2.8
    },
    {
      "name": "c_2_3",
      "p": 2.799,
      "newP": 2.799
    }
  ],
  [
    {
      "name": "c_2_2",
      "p": 2.8,
      "newP": 2.8
    },
    {
      "name": "c_3_2",
      "p": 2.8,
      "newP": 2.8
    },
    {
      "name": "c_2_1",
      "p": 2.799,
      "newP": 2.799
    },
    {
      "name": "c_1_2",
      "p": 2.8,
      "newP": 2.8
    },
    {
      "name": "c_2_3",
      "p": 2.799,
      "newP": 2.799
    }
  ],
  [
    {
      "name": "c_2_2",
      "p": 2.8,
      "newP": 2.799
    },
    {
      "name": "c_3_2",
      "p": 2.8,
      "newP": 2.8
    },
    {
      "name": "c_2_1",
      "p": 2.799,
      "newP": 2.799
    },
    {
      "name": "c_1_2",
      "p": 2.8,
      "newP": 2.8
    },
    {
      "name": "c_2_3",
      "p": 2.799,
      "newP": 2.799
    }
  ],
  [
    {
      "name": "c_2_2",
      "p": 2.799,
      "newP": 2.799
    },
    {
      "name": "c_3_2",
      "p": 2.8,
      "newP": 2.8
    },
    {
      "name": "c_2_1",
      "p": 2.799,
      "newP": 2.799
    },
    {
      "name": "c_1_2",
      "p": 2.8,
      "newP": 2.8
    },
    {
      "name": "c_2_3",
      "p": 2.799,
      "newP": 2.799
    }
  ],
  [
    {
      "name": "c_2_2",
      "p": 2.799,
      "newP": 2.799
    },
    {
      "name": "c_3_2",
      "p": 2.8,
      "newP": 2.8
    },
    {
      "name": "c_2_1",
      "p": 2.799,
      "newP": 2.799
    },
    {
      "name": "c_1_2",
      "p": 2.8,
      "newP": 2.8
    },
    {
      "name": "c_2_3",
      "p": 2.799,
      "newP": 2.799
    }
  ],
  [
    {
      "name": "c_2_2",
      "p": 2.799,
      "newP": 2.799
    },
    {
      "name": "c_3_2",
      "p": 2.8,
      "newP": 2.8
    },
    {
      "name": "c_2_1",
      "p": 2.799,
      "newP": 2.799
    },
    {
      "name": "c_1_2",
      "p": 2.8,
      "newP": 2.8
    },
    {
      "name": "c_2_3",
      "p": 2.799,
      "newP": 2.799
    }
  ],
  [
    {
      "name": "c_2_2",
      "p": 2.799,
      "newP": 2.799
    },
    {
      "name": "c_3_2",
      "p": 2.8,
      "newP": 2.8
    },
    {
      "name": "c_2_1",
      "p": 2.799,
      "newP": 2.799
    },
    {
      "name": "c_1_2",
      "p": 2.8,
      "newP": 2.8
    },
    {
      "name": "c_2_3",
      "p": 2.799,
      "newP": 2.799
    }
  ],
  [
    {
      "name": "c_2_2",
      "p": 2.799,
      "newP": 2.799
    },
    {
      "name": "c_3_2",
      "p": 2.8,
      "newP": 2.8
    },
    {
      "name": "c_2_1",
      "p": 2.799,
      "newP": 2.799
    },
    {
      "name": "c_1_2",
      "p": 2.8,
      "newP": 2.8
    },
    {
      "name": "c_2_3",
      "p": 2.799,
      "newP": 2.799
    }
  ],
  [
    {
      "name": "c_2_2",
      "p": 2.799,
      "newP": 2.799
    },
    {
      "name": "c_3_2",
      "p": 2.8,
      "newP": 2.8
    },
    {
      "name": "c_2_1",
      "p": 2.799,
      "newP": 2.799
    },
    {
      "name": "c_1_2",
      "p": 2.8,
      "newP": 2.8
    },
    {
      "name": "c_2_3",
      "p": 2.799,
      "newP": 2.799
    }
  ],
  [
    {
      "name": "c_2_2",
      "p": 2.799,
      "newP": 2.799
    },
    {
      "name": "c_3_2",
      "p": 2.8,
      "newP": 2.8
    },
    {
      "name": "c_2_1",
      "p": 2.799,
      "newP": 2.799
    },
    {
      "name": "c_1_2",
      "p": 2.8,
      "newP": 2.8
    },
    {
      "name": "c_2_3",
      "p": 2.799,
      "newP": 2.799
    }
  ],
  [
    {
      "name": "c_2_2",
      "p": 2.799,
      "newP": 2.799
    },
    {
      "name": "c_3_2",
      "p": 2.8,
      "newP": 2.8
    },
    {
      "name": "c_2_1",
      "p": 2.799,
      "newP": 2.799
    },
    {
      "name": "c_1_2",
      "p": 2.8,
      "newP": 2.8
    },
    {
      "name": "c_2_3",
      "p": 2.799,
      "newP": 2.799
    }
  ],
  [
    {
      "name": "c_2_2",
      "p": 2.799,
      "newP": 2.799
    },
    {
      "name": "c_3_2",
      "p": 2.8,
      "newP": 2.8
    },
    {
      "name": "c_2_1",
      "p": 2.799,
      "newP": 2.799
    },
    {
      "name": "c_1_2",
      "p": 2.8,
      "newP": 2.8
    },
    {
      "name": "c_2_3",
      "p": 2.799,
      "newP": 2.799
    }
  ],
  [
    {
      "name": "c_2_2",
      "p": 2.799,
      "newP": 2.799
    },
    {
      "name": "c_3_2",
      "p": 2.8,
      "newP": 2.8
    },
    {
      "name": "c_2_1",
      "p": 2.799,
      "newP": 2.799
    },
    {
      "name": "c_1_2",
      "p": 2.8,
      "newP": 2.8
    },
    {
      "name": "c_2_3",
      "p": 2.799,
      "newP": 2.799
    }
  ],
  [
    {
      "name": "c_2_2",
      "p": 2.799,
      "newP": 2.799
    },
    {
      "name": "c_3_2",
      "p": 2.8,
      "newP": 2.8
    },
    {
      "name": "c_2_1",
      "p": 2.799,
      "newP": 2.799
    },
    {
      "name": "c_1_2",
      "p": 2.8,
      "newP": 2.8
    },
    {
      "name": "c_2_3",
      "p": 2.799,
      "newP": 2.799
    }
  ],
  [
    {
      "name": "c_2_2",
      "p": 2.799,
      "newP": 2.799
    },
    {
      "name": "c_3_2",
      "p": 2.8,
      "newP": 2.8
    },
    {
      "name": "c_2_1",
      "p": 2.799,
      "newP": 2.799
    },
    {
      "name": "c_1_2",
      "p": 2.8,
      "newP": 2.8
    },
    {
      "name": "c_2_3",
      "p": 2.799,
      "newP": 2.799
    }
  ],
  [
    {
      "name": "c_2_2",
      "p": 2.799,
      "newP": 2.799
    },
    {
      "name": "c_3_2",
      "p": 2.8,
      "newP": 2.8
    },
    {
      "name": "c_2_1",
      "p": 2.799,
      "newP": 2.799
    },
    {
      "name": "c_1_2",
      "p": 2.8,
      "newP": 2.8
    },
    {
      "name": "c_2_3",
      "p": 2.799,
      "newP": 2.799
    }
  ],
  [
    {
      "name": "c_2_2",
      "p": 2.799,
      "newP": 2.799
    },
    {
      "name": "c_3_2",
      "p": 2.8,
      "newP": 2.8
    },
    {
      "name": "c_2_1",
      "p": 2.799,
      "newP": 2.799
    },
    {
      "name": "c_1_2",
      "p": 2.8,
      "newP": 2.8
    },
    {
      "name": "c_2_3",
      "p": 2.799,
      "newP": 2.799
    }
  ],
  [
    {
      "name": "c_2_2",
      "p": 2.799,
      "newP": 2.799
    },
    {
      "name": "c_3_2",
      "p": 2.8,
      "newP": 2.8
    },
    {
      "name": "c_2_1",
      "p": 2.799,
      "newP": 2.799
    },
    {
      "name": "c_1_2",
      "p": 2.8,
      "newP": 2.8
    },
    {
      "name": "c_2_3",
      "p": 2.799,
      "newP": 2.799
    }
  ],
  [
    {
      "name": "c_2_2",
      "p": 2.799,
      "newP": 2.799
    },
    {
      "name": "c_3_2",
      "p": 2.8,
      "newP": 2.8
    },
    {
      "name": "c_2_1",
      "p": 2.799,
      "newP": 2.799
    },
    {
      "name": "c_1_2",
      "p": 2.8,
      "newP": 2.8
    },
    {
      "name": "c_2_3",
      "p": 2.799,
      "newP": 2.799
    }
  ],
  [
    {
      "name": "c_2_2",
      "p": 2.799,
      "newP": 2.799
    },
    {
      "name": "c_3_2",
      "p": 2.8,
      "newP": 2.8
    },
    {
      "name": "c_2_1",
      "p": 2.799,
      "newP": 2.799
    },
    {
      "name": "c_1_2",
      "p": 2.8,
      "newP": 2.8
    },
    {
      "name": "c_2_3",
      "p": 2.799,
      "newP": 2.799
    }
  ],
  [
    {
      "name": "c_2_2",
      "p": 2.799,
      "newP": 2.799
    },
    {
      "name": "c_3_2",
      "p": 2.8,
      "newP": 2.8
    },
    {
      "name": "c_2_1",
      "p": 2.799,
      "newP": 2.799
    },
    {
      "name": "c_1_2",
      "p": 2.8,
      "newP": 2.8
    },
    {
      "name": "c_2_3",
      "p": 2.799,
      "newP": 2.799
    }
  ],
  [
    {
      "name": "c_2_2",
      "p": 2.799,
      "newP": 2.799
    },
    {
      "name": "c_3_2",
      "p": 2.8,
      "newP": 2.8
    },
    {
      "name": "c_2_1",
      "p": 2.799,
      "newP": 2.799
    },
    {
      "name": "c_1_2",
      "p": 2.8,
      "newP": 2.8
    },
    {
      "name": "c_2_3",
      "p": 2.799,
      "newP": 2.799
    }
  ],
  [
    {
      "name": "c_2_2",
      "p": 2.799,
      "newP": 2.799
    },
    {
      "name": "c_3_2",
      "p": 2.8,
      "newP": 2.8
    },
    {
      "name": "c_2_1",
      "p": 2.799,
      "newP": 2.799
    },
    {
      "name": "c_1_2",
      "p": 2.8,
      "newP": 2.8
    },
    {
      "name": "c_2_3",
      "p": 2.799,
      "newP": 2.799
    }
  ],
  [
    {
      "name": "c_2_2",
      "p": 2.799,
      "newP": 2.799
    },
    {
      "name": "c_3_2",
      "p": 2.8,
      "newP": 2.8
    },
    {
      "name": "c_2_1",
      "p": 2.799,
      "newP": 2.799
    },
    {
      "name": "c_1_2",
      "p": 2.8,
      "newP": 2.8
    },
    {
      "name": "c_2_3",
      "p": 2.799,
      "newP": 2.799
    }
  ],
  [
    {
      "name": "c_2_2",
      "p": 2.799,
      "newP": 2.799
    },
    {
      "name": "c_3_2",
      "p": 2.8,
      "newP": 2.8
    },
    {
      "name": "c_2_1",
      "p": 2.799,
      "newP": 2.799
    },
    {
      "name": "c_1_2",
      "p": 2.8,
      "newP": 2.8
    },
    {
      "name": "c_2_3",
      "p": 2.799,
      "newP": 2.799
    }
  ],
  [
    {
      "name": "c_2_2",
      "p": 2.799,
      "newP": 2.799
    },
    {
      "name": "c_3_2",
      "p": 2.8,
      "newP": 2.8
    },
    {
      "name": "c_2_1",
      "p": 2.799,
      "newP": 2.799
    },
    {
      "name": "c_1_2",
      "p": 2.8,
      "newP": 2.8
    },
    {
      "name": "c_2_3",
      "p": 2.799,
      "newP": 2.799
    }
  ],
  [
    {
      "name": "c_2_2",
      "p": 2.799,
      "newP": 2.799
    },
    {
      "name": "c_3_2",
      "p": 2.8,
      "newP": 2.8
    },
    {
      "name": "c_2_1",
      "p": 2.799,
      "newP": 2.799
    },
    {
      "name": "c_1_2",
      "p": 2.8,
      "newP": 2.8
    },
    {
      "name": "c_2_3",
      "p": 2.799,
      "newP": 2.799
    }
  ],
  [
    {
      "name": "c_2_2",
      "p": 2.799,
      "newP": 2.799
    },
    {
      "name": "c_3_2",
      "p": 2.8,
      "newP": 2.8
    },
    {
      "name": "c_2_1",
      "p": 2.799,
      "newP": 2.799
    },
    {
      "name": "c_1_2",
      "p": 2.8,
      "newP": 2.8
    },
    {
      "name": "c_2_3",
      "p": 2.799,
      "newP": 2.799
    }
  ],
  [
    {
      "name": "c_2_2",
      "p": 2.799,
      "newP": 2.799
    },
    {
      "name": "c_3_2",
      "p": 2.8,
      "newP": 2.8
    },
    {
      "name": "c_2_1",
      "p": 2.799,
      "newP": 2.799
    },
    {
      "name": "c_1_2",
      "p": 2.8,
      "newP": 2.8
    },
    {
      "name": "c_2_3",
      "p": 2.799,
      "newP": 2.799
    }
  ],
  [
    {
      "name": "c_2_2",
      "p": 2.799,
      "newP": 2.799
    },
    {
      "name": "c_3_2",
      "p": 2.8,
      "newP": 2.8
    },
    {
      "name": "c_2_1",
      "p": 2.799,
      "newP": 2.799
    },
    {
      "name": "c_1_2",
      "p": 2.8,
      "newP": 2.8
    },
    {
      "name": "c_2_3",
      "p": 2.799,
      "newP": 2.799
    }
  ],
  [
    {
      "name": "c_2_2",
      "p": 2.799,
      "newP": 2.799
    },
    {
      "name": "c_3_2",
      "p": 2.8,
      "newP": 2.8
    },
    {
      "name": "c_2_1",
      "p": 2.799,
      "newP": 2.799
    },
    {
      "name": "c_1_2",
      "p": 2.8,
      "newP": 2.8
    },
    {
      "name": "c_2_3",
      "p": 2.799,
      "newP": 2.799
    }
  ]
]