[
  [
    {
      "name": "c_2_2",
      "p": 5,
      "newP": 0
    },
    {
      "name": "c_3_2",
      "p": 3,
      "newP": 4.25
    },
    {
      "name": "c_2_1",
      "p": 1,
      "newP": 2.25
    },
    {
      "name": "c_1_2",
      "p": 3,
      "newP": 4.25
    },
    {
      "name": "c_2_3",
      "p": 2,
      "newP": 3.25
    }
  ],
  [
    {
      "name": "c_2_2",
      "p": 0,
      "newP": 14
    },
    {
      "name": "c_3_2",
      "p": 4.25,
      "newP": 0
    },
    {
      "name": "c_2_1",
      "p": 2.25,
      "newP": 0
    },
    {
      "name": "c_1_2",
      "p": 4.25,
      "newP": 0
    },
    {
      "name": "c_2_3",
      "p": 3.25,
      "newP": 0
    }
  ],
  [
    {
      "name": "c_2_2",
      "p": 14,
      "newP": 0
    },
    {
      "name": "c_3_2",
      "p": 0,
      "newP": 3.5
    },
    {
      "name": "c_2_1",
      "p": 0,
      "newP": 3.5
    },
    {
      "name": "c_1_2",
      "p": 0,
      "newP": 3.5
    },
    {
      "name": "c_2_3",
      "p": 0,
      "newP": 3.5
    }
  ],
  [
    {
      "name": "c_2_2",
      "p": 0,
      "newP": 14
    },
    {
      "name": "c_3_2",
      "p": 3.5,
      "newP": 0
    },
    {
      "name": "c_2_1",
      "p": 3.5,
      "newP": 0
    },
    {
      "name": "c_1_2",
      "p": 3.5,
      "newP": 0
    },
    {
      "name": "c_2_3",
      "p": 3.5,
      "newP": 0
    }
  ],
  [
    {
      "name": "c_2_2",
      "p": 14,
      "newP": 0
    },
    {
      "name": "c_3_2",
      "p": 0,
      "newP": 3.5
    },
    {
      "name": "c_2_1",
      "p": 0,
      "newP": 3.5
    },
    {
      "name": "c_1_2",
      "p": 0,
      "newP": 3.5
    },
    {
      "name": "c_2_3",
      "p": 0,
      "newP": 3.5
    }
  ],
  [
    {
      "name": "c_2_2",
      "p": 0,
      "newP": 14
    },
    {
      "name": "c_3_2",
      "p": 3.5,
      "newP": 0
    },
    {
      "name": "c_2_1",
      "p": 3.5,
      "newP": 0
    },
    {
      "name": "c_1_2",
      "p": 3.5,
      "newP": 0
    },
    {
      "name": "c_2_3",
      "p": 3.5,
      "newP": 0
    }
  ],
  [
    {
      "name": "c_2_2",
      "p": 14,
      "newP": 0
    },
    {
      "name": "c_3_2",
      "p": 0,
      "newP": 3.5
    },
    {
      "name": "c_2_1",
      "p": 0,
      "newP": 3.5
    },
    {
      "name": "c_1_2",
      "p": 0,
      "newP": 3.5
    },
    {
      "name": "c_2_3",
      "p": 0,
      "newP": 3.5
    }
  ],
  [
    {
      "name": "c_2_2",
      "p": 0,
      "newP": 14
    },
    {
      "name": "c_3_2",
      "p": 3.5,
      "newP": 0
    },
    {
      "name": "c_2_1",
      "p": 3.5,
      "newP": 0
    },
    {
      "name": "c_1_2",
      "p": 3.5,
      "newP": 0
    },
    {
      "name": "c_2_3",
      "p": 3.5,
      "newP": 0
    }
  ],
  [
    {
      "name": "c_2_2",
      "p": 14,
      "newP": 0
    },
    {
      "name": "c_3_2",
      "p": 0,
      "newP": 3.5
    },
    {
      "name": "c_2_1",
      "p": 0,
      "newP": 3.5
    },
    {
      "name": "c_1_2",
      "p": 0,
      "newP": 3.5
    },
    {
      "name": "c_2_3",
      "p": 0,
      "newP": 3.5
    }
  ],
  [
    {
      "name": "c_2_2",
      "p": 0,
      "newP": 14
    },
    {
      "name": "c_3_2",
      "p": 3.5,
      "newP": 0
    },
    {
      "name": "c_2_1",
      "p": 3.5,
      "newP": 0
    },
    {
      "name": "c_1_2",
      "p": 3.5,
      "newP": 0
    },
    {
      "name": "c_2_3",
      "p": 3.5,
      "newP": 0
    }
  ],
  [
    {
      "name": "c_2_2",
      "p": 14,
      "newP": 0
    },
    {
      "name": "c_3_2",
      "p": 0,
      "newP": 3.5
    },
    {
      "name": "c_2_1",
      "p": 0,
      "newP": 3.5
    },
    {
      "name": "c_1_2",
      "p": 0,
      "newP": 3.5
    },
    {
      "name": "c_2_3",
      "p": 0,
      "newP": 3.5
    }
  ],
  [
    {
      "name": "c_2_2",
      "p": 0,
      "newP": 14
    },
    {
      "name": "c_3_2",
      "p": 3.5,
      "newP": 0
    },
    {
      "name": "c_2_1",
      "p": 3.5,
      "newP": 0
    },
    {
      "name": "c_1_2",
      "p": 3.5,
      "newP": 0
    },
    {
      "name": "c_2_3",
      "p": 3.5,
      "newP": 0
    }
  ],
  [
    {
      "name": "c_2_2",
      "p": 14,
      "newP": 0
    },
    {
      "name": "c_3_2",
      "p": 0,
      "newP": 3.5
    },
    {
      "name": "c_2_1",
      "p": 0,
      "newP": 3.5
    },
    {
      "name": "c_1_2",
      "p": 0,
      "newP": 3.5
    },
    {
      "name": "c_2_3",
      "p": 0,
      "newP": 3.5
    }
  ],
  [
    {
      "name": "c_2_2",
      "p": 0,
      "newP": 14
    },
    {
      "name": "c_3_2",
      "p": 3.5,
      "newP": 0
    },
    {
      "name": "c_2_1",
      "p": 3.5,
      "newP": 0
    },
    {
      "name": "c_1_2",
      "p": 3.5,
      "newP": 0
    },
    {
      "name": "c_2_3",
      "p": 3.5,
      "newP": 0
    }
  ],
  [
    {
      "name": "c_2_2",
      "p": 14,
      "newP": 0
    },
    {
      "name": "c_3_2",
      "p": 0,
      "newP": 3.5
    },
    {
      "name": "c_2_1",
      "p": 0,
      "newP": 3.5
    },
    {
      "name": "c_1_2",
      "p": 0,
      "newP": 3.5
    },
    {
      "name": "c_2_3",
      "p": 0,
      "newP": 3.5
    }
  ],
  [
    {
      "name": "c_2_2",
      "p": 0,
      "newP": 14
    },
    {
      "name": "c_3_2",
      "p": 3.5,
      "newP": 0
    },
    {
      "name": "c_2_1",
      "p": 3.5,
      "newP": 0
    },
    {
      "name": "c_1_2",
      "p": 3.5,
      "newP": 0
    },
    {
      "name": "c_2_3",
      "p": 3.5,
      "newP": 0
    }
  ],
  [
    {
      "name": "c_2_2",
      "p": 14,
      "newP": 0
    },
    {
      "name": "c_3_2",
      "p": 0,
      "newP": 3.5
    },
    {
      "name": "c_2_1",
      "p": 0,
      "newP": 3.5
    },
    {
      "name": "c_1_2",
      "p": 0,
      "newP": 3.5
    },
    {
      "name": "c_2_3",
      "p": 0,
      "newP": 3.5
    }
  ],
  [
    {
      "name": "c_2_2",
      "p": 0,
      "newP": 14
    },
    {
      "name": "c_3_2",
      "p": 3.5,
      "newP": 0
    },
    {
      "name": "c_2_1",
      "p": 3.5,
      "newP": 0
    },
    {
      "name": "c_1_2",
      "p": 3.5,
      "newP": 0
    },
    {
      "name": "c_2_3",
      "p": 3.5,
      "newP": 0
    }
  ],
  [
    {
      "name": "c_2_2",
      "p": 14,
      "newP": 0
    },
    {
      "name": "c_3_2",
      "p": 0,
      "newP": 3.5
    },
    {
      "name": "c_2_1",
      "p": 0,
      "newP": 3.5
    },
    {
      "name": "c_1_2",
      "p": 0,
      "newP": 3.5
    },
    {
      "name": "c_2_3",
      "p": 0,
      "newP": 3.5
    }
  ],
  [
    {
      "name": "c_2_2",
      "p": 0,
      "newP": 14
    },
    {
      "name": "c_3_2",
      "p": 3.5,
      "newP": 0
    },
    {
      "name": "c_2_1",
      "p": 3.5,
      "newP": 0
    },
    {
      "name": "c_1_2",
      "p": 3.5,
      "newP": 0
    },
    {
      "name": "c_2_3",
      "p": 3.5,
      "newP": 0
    }
  ],
  [
    {
      "name": "c_2_2",
      "p": 14,
      "newP": 0
    },
    {
      "name": "c_3_2",
      "p": 0,
      "newP": 3.5
    },
    {
      "name": "c_2_1",
      "p": 0,
      "newP": 3.5
    },
    {
      "name": "c_1_2",
      "p": 0,
      "newP": 3.5
    },
    {
      "name": "c_2_3",
      "p": 0,
      "newP": 3.5
    }
  ],
  [
    {
      "name": "c_2_2",
      "p": 0,
      "newP": 14
    },
    {
      "name": "c_3_2",
      "p": 3.5,
      "newP": 0
    },
    {
      "name": "c_2_1",
      "p": 3.5,
      "newP": 0
    },
    {
      "name": "c_1_2",
      "p": 3.5,
      "newP": 0
    },
    {
      "name": "c_2_3",
      "p": 3.5,
      "newP": 0
    }
  ],
  [
    {
      "name": "c_2_2",
      "p": 14,
      "newP": 0
    },
    {
      "name": "c_3_2",
      "p": 0,
      "newP": 3.5
    },
    {
      "name": "c_2_1",
      "p": 0,
      "newP": 3.5
    },
    {
      "name": "c_1_2",
      "p": 0,
      "newP": 3.5
    },
    {
      "name": "c_2_3",
      "p": 0,
      "newP": 3.5
    }
  ],
  [
    {
      "name": "c_2_2",
      "p": 0,
      "newP": 14
    },
    {
      "name": "c_3_2",
      "p": 3.5,
      "newP": 0
    },
    {
      "name": "c_2_1",
      "p": 3.5,
      "newP": 0
    },
    {
      "name": "c_1_2",
      "p": 3.5,
      "newP": 0
    },
    {
      "name": "c_2_3",
      "p": 3.5,
      "newP": 0
    }
  ],
  [
    {
      "name": "c_2_2",
      "p": 14,
      "newP": 0
    },
    {
      "name": "c_3_2",
      "p": 0,
      "newP": 3.5
    },
    {
      "name": "c_2_1",
      "p": 0,
      "newP": 3.5
    },
    {
      "name": "c_1_2",
      "p": 0,
      "newP": 3.5
    },
    {
      "name": "c_2_3",
      "p": 0,
      "newP": 3.5
    }
  ],
  [
    {
      "name": "c_2_2",
      "p": 0,
      "newP": 14
    },
    {
      "name": "c_3_2",
      "p": 3.5,
      "newP": 0
    },
    {
      "name": "c_2_1",
      "p": 3.5,
      "newP": 0
    },
    {
      "name": "c_1_2",
      "p": 3.5,
      "newP": 0
    },
    {
      "name": "c_2_3",
      "p": 3.5,
      "newP": 0
    }
  ],
  [
    {
      "name": "c_2_2",
      "p": 14,
      "newP": 0
    },
    {
      "name": "c_3_2",
      "p": 0,
      "newP": 3.5
    },
    {
      "name": "c_2_1",
      "p": 0,
      "newP": 3.5
    },
    {
      "name": "c_1_2",
      "p": 0,
      "newP": 3.5
    },
    {
      "name": "c_2_3",
      "p": 0,
      "newP": 3.5
    }
  ],
  [
    {
      "name": "c_2_2",
      "p": 0,
      "newP": 14
    },
    {
      "name": "c_3_2",
      "p": 3.5,
      "newP": 0
    },
    {
      "name": "c_2_1",
      "p": 3.5,
      "newP": 0
    },
    {
      "name": "c_1_2",
      "p": 3.5,
      "newP": 0
    },
    {
      "name": "c_2_3",
      "p": 3.5,
      "newP": 0
    }
  ],
  [
    {
      "name": "c_2_2",
      "p": 14,
      "newP": 0
    },
    {
      "name": "c_3_2",
      "p": 0,
      "newP": 3.5
    },
    {
      "name": "c_2_1",
      "p": 0,
      "newP": 3.5
    },
    {
      "name": "c_1_2",
      "p": 0,
      "newP": 3.5
    },
    {
      "name": "c_2_3",
      "p": 0,
      "newP": 3.5
    }
  ],
  [
    {
      "name": "c_2_2",
      "p": 0,
      "newP": 14
    },
    {
      "name": "c_3_2",
      "p": 3.5,
      "newP": 0
    },
    {
      "name": "c_2_1",
      "p": 3.5,
      "newP": 0
    },
    {
      "name": "c_1_2",
      "p": 3.5,
      "newP": 0
    },
    {
      "name": "c_2_3",
      "p": 3.5,
      "newP": 0
    }
  ],
  [
    {
      "name": "c_2_2",
      "p": 14,
      "newP": 0
    },
    {
      "name": "c_3_2",
      "p": 0,
      "newP": 3.5
    },
    {
      "name": "c_2_1",
      "p": 0,
      "newP": 3.5
    },
    {
      "name": "c_1_2",
      "p": 0,
      "newP": 3.5
    },
    {
      "name": "c_2_3",
      "p": 0,
      "newP": 3.5
    }
  ],
  [
    {
      "name": "c_2_2",
      "p": 0,
      "newP": 14
    },
    {
      "name": "c_3_2",
      "p": 3.5,
      "newP": 0
    },
    {
      "name": "c_2_1",
      "p": 3.5,
      "newP": 0
    },
    {
      "name": "c_1_2",
      "p": 3.5,
      "newP": 0
    },
    {
      "name": "c_2_3",
      "p": 3.5,
      "newP": 0
    }
  ],
  [
    {
      "name": "c_2_2",
      "p": 14,
      "newP": 0
    },
    {
      "name": "c_3_2",
      "p": 0,
      "newP": 3.5
    },
    {
      "name": "c_2_1",
      "p": 0,
      "newP": 3.5
    },
    {
      "name": "c_1_2",
      "p": 0,
      "newP": 3.5
    },
    {
      "name": "c_2_3",
      "p": 0,
      "newP": 3.5
    }
  ],
  [
    {
      "name": "c_2_2",
      "p": 0,
      "newP": 14
    },
    {
      "name": "c_3_2",
      "p": 3.5,
      "newP": 0
    },
    {
      "name": "c_2_1",
      "p": 3.5,
      "newP": 0
    },
    {
      "name": "c_1_2",
      "p": 3.5,
      "newP": 0
    },
    {
      "name": "c_2_3",
      "p": 3.5,
      "newP": 0
    }
  ],
  [
    {
      "name": "c_2_2",
      "p": 14,
      "newP": 0
    },
    {
      "name": "c_3_2",
      "p": 0,
      "newP": 3.5
    },
    {
      "name": "c_2_1",
      "p": 0,
      "newP": 3.5
    },
    {
      "name": "c_1_2",
      "p": 0,
      "newP": 3.5
    },
    {
      "name": "c_2_3",
      "p": 0,
      "newP": 3.5
    }
  ],
  [
    {
      "name": "c_2_2",
      "p": 0,
      "newP": 14
    },
    {
      "name": "c_3_2",
      "p": 3.5,
      "newP": 0
    },
    {
      "name": "c_2_1",
      "p": 3.5,
      "newP": 0
    },
    {
      "name": "c_1_2",
      "p": 3.5,
      "newP": 0
    },
    {
      "name": "c_2_3",
      "p": 3.5,
      "newP": 0
    }
  ],
  [
    {
      "name": "c_2_2",
      "p": 14,
      "newP": 0
    },
    {
      "name": "c_3_2",
      "p": 0,
      "newP": 3.5
    },
    {
      "name": "c_2_1",
      "p": 0,
      "newP": 3.5
    },
    {
      "name": "c_1_2",
      "p": 0,
      "newP": 3.5
    },
    {
      "name": "c_2_3",
      "p": 0,
      "newP": 3.5
    }
  ],
  [
    {
      "name": "c_2_2",
      "p": 0,
      "newP": 14
    },
    {
      "name": "c_3_2",
      "p": 3.5,
      "newP": 0
    },
    {
      "name": "c_2_1",
      "p": 3.5,
      "newP": 0
    },
    {
      "name": "c_1_2",
      "p": 3.5,
      "newP": 0
    },
    {
      "name": "c_2_3",
      "p": 3.5,
      "newP": 0
    }
  ],
  [
    {
      "name": "c_2_2",
      "p": 14,
      "newP": 0
    },
    {
      "name": "c_3_2",
      "p": 0,
      "newP": 3.5
    },
    {
      "name": "c_2_1",
      "p": 0,
      "newP": 3.5
    },
    {
      "name": "c_1_2",
      "p": 0,
      "newP": 3.5
    },
    {
      "name": "c_2_3",
      "p": 0,
      "newP": 3.5
    }
  ],
  [
    {
      "name": "c_2_2",
      "p": 0,
      "newP": 14
    },
    {
      "name": "c_3_2",
      "p": 3.5,
      "newP": 0
    },
    {
      "name": "c_2_1",
      "p": 3.5,
      "newP": 0
    },
    {
      "name": "c_1_2",
      "p": 3.5,
      "newP": 0
    },
    {
      "name": "c_2_3",
      "p": 3.5,
      "newP": 0
    }
  ],
  [
    {
      "name": "c_2_2",
      "p": 14,
      "newP": 0
    },
    {
      "name": "c_3_2",
      "p": 0,
      "newP": 3.5
    },
    {
      "name": "c_2_1",
      "p": 0,
      "newP": 3.5
    },
    {
      "name": "c_1_2",
      "p": 0,
      "newP": 3.5
    },
    {
      "name": "c_2_3",
      "p": 0,
      "newP": 3.5
    }
  ],
  [
    {
      "name": "c_2_2",
      "p": 0,
      "newP": 14
    },
    {
      "name": "c_3_2",
      "p": 3.5,
      "newP": 0
    },
    {
      "name": "c_2_1",
      "p": 3.5,
      "newP": 0
    },
    {
      "name": "c_1_2",
      "p": 3.5,
      "newP": 0
    },
    {
      "name": "c_2_3",
      "p": 3.5,
      "newP": 0
    }
  ],
  [
    {
      "name": "c_2_2",
      "p": 14,
      "newP": 0
    },
    {
      "name": "c_3_2",
      "p": 0,
      "newP": 3.5
    },
    {
      "name": "c_2_1",
      "p": 0,
      "newP": 3.5
    },
    {
      "name": "c_1_2",
      "p": 0,
      "newP": 3.5
    },
    {
      "name": "c_2_3",
      "p": 0,
      "newP": 3.5
    }
  ],
  [
    {
      "name": "c_2_2",
      "p": 0,
      "newP": 14
    },
    {
      "name": "c_3_2",
      "p": 3.5,
      "newP": 0
    },
    {
      "name": "c_2_1",
      "p": 3.5,
      "newP": 0
    },
    {
      "name": "c_1_2",
      "p": 3.5,
      "newP": 0
    },
    {
      "name": "c_2_3",
      "p": 3.5,
      "newP": 0
    }
  ],
  [
    {
      "name": "c_2_2",
      "p": 14,
      "newP": 0
    },
    {
      "name": "c_3_2",
      "p": 0,
      "newP": 3.5
    },
    {
      "name": "c_2_1",
      "p": 0,
      "newP": 3.5
    },
    {
      "name": "c_1_2",
      "p": 0,
      "newP": 3.5
    },
    {
      "name": "c_2_3",
      "p": 0,
      "newP": 3.5
    }
  ],
  [
    {
      "name": "c_2_2",
      "p": 0,
      "newP": 14
    },
    {
      "name": "c_3_2",
      "p": 3.5,
      "newP": 0
    },
    {
      "name": "c_2_1",
      "p": 3.5,
      "newP": 0
    },
    {
      "name": "c_1_2",
      "p": 3.5,
      "newP": 0
    },
    {
      "name": "c_2_3",
      "p": 3.5,
      "newP": 0
    }
  ],
  [
    {
      "name": "c_2_2",
      "p": 14,
      "newP": 0
    },
    {
      "name": "c_3_2",
      "p": 0,
      "newP": 3.5
    },
    {
      "name": "c_2_1",
      "p": 0,
      "newP": 3.5
    },
    {
      "name": "c_1_2",
      "p": 0,
      "newP": 3.5
    },
    {
      "name": "c_2_3",
      "p": 0,
      "newP": 3.5
    }
  ],
  [
    {
      "name": "c_2_2",
      "p": 0,
      "newP": 14
    },
    {
      "name": "c_3_2",
      "p": 3.5,
      "newP": 0
    },
    {
      "name": "c_2_1",
      "p": 3.5,
      "newP": 0
    },
    {
      "name": "c_1_2",
      "p": 3.5,
      "newP": 0
    },
    {
      "name": "c_2_3",
      "p": 3.5,
      "newP": 0
    }
  ],
  [
    {
      "name": "c_2_2",
      "p": 14,
      "newP": 0
    },
    {
      "name": "c_3_2",
      "p": 0,
      "newP": 3.5
    },
    {
      "name": "c_2_1",
      "p": 0,
      "newP": 3.5
    },
    {
      "name": "c_1_2",
      "p": 0,
      "newP": 3.5
    },
    {
      "name": "c_2_3",
      "p": 0,
      "newP": 3.5
    }
  ],
  [
    {
      "name": "c_2_2",
      "p": 0,
      "newP": 14
    },
    {
      "name": "c_3_2",
      "p": 3.5,
      "newP": 0
    },
    {
      "name": "c_2_1",
      "p": 3.5,
      "newP": 0
    },
    {
      "name": "c_1_2",
      "p": 3.5,
      "newP": 0
    },
    {
      "name": "c_2_3",
      "p": 3.5,
      "newP": 0
    }
  ],
  [
    {
      "name": "c_2_2",
      "p": 14,
      "newP": 0
    },
    {
      "name": "c_3_2",
      "p": 0,
      "newP": 3.5
    },
    {
      "name": "c_2_1",
      "p": 0,
      "newP": 3.5
    },
    {
      "name": "c_1_2",
      "p": 0,
      "newP": 3.5
    },
    {
      "name": "c_2_3",
      "p": 0,
      "newP": 3.5
    }
  ],
  [
    {
      "name": "c_2_2",
      "p": 0,
      "newP": 14
    },
    {
      "name": "c_3_2",
      "p": 3.5,
      "newP": 0
    },
    {
      "name": "c_2_1",
      "p": 3.5,
      "newP": 0
    },
    {
      "name": "c_1_2",
      "p": 3.5,
      "newP": 0
    },
    {
      "name": "c_2_3",
      "p": 3.5,
      "newP": 0
    }
  ],
  [
    {
      "name": "c_2_2",
      "p": 14,
      "newP": 0
    },
    {
      "name": "c_3_2",
      "p": 0,
      "newP": 3.5
    },
    {
      "name": "c_2_1",
      "p": 0,
      "newP": 3.5
    },
    {
      "name": "c_1_2",
      "p": 0,
      "newP": 3.5
    },
    {
      "name": "c_2_3",
      "p": 0,
      "newP": 3.5
    }
  ],
  [
    {
      "name": "c_2_2",
      "p": 0,
      "newP": 14
    },
    {
      "name": "c_3_2",
      "p": 3.5,
      "newP": 0
    },
    {
      "name": "c_2_1",
      "p": 3.5,
      "newP": 0
    },
    {
      "name": "c_1_2",
      "p": 3.5,
      "newP": 0
    },
    {
      "name": "c_2_3",
      "p": 3.5,
      "newP": 0
    }
  ],
  [
    {
      "name": "c_2_2",
      "p": 14,
      "newP": 0
    },
    {
      "name": "c_3_2",
      "p": 0,
      "newP": 3.5
    },
    {
      "name": "c_2_1",
      "p": 0,
      "newP": 3.5
    },
    {
      "name": "c_1_2",
      "p": 0,
      "newP": 3.5
    },
    {
      "name": "c_2_3",
      "p": 0,
      "newP": 3.5
    }
  ],
  [
    {
      "name": "c_2_2",
      "p": 0,
      "newP": 14
    },
    {
      "name": "c_3_2",
      "p": 3.5,
      "newP": 0
    },
    {
      "name": "c_2_1",
      "p": 3.5,
      "newP": 0
    },
    {
      "name": "c_1_2",
      "p": 3.5,
      "newP": 0
    },
    {
      "name": "c_2_3",
      "p": 3.5,
      "newP": 0
    }
  ],
  [
    {
      "name": "c_2_2",
      "p": 14,
      "newP": 0
    },
    {
      "name": "c_3_2",
      "p": 0,
      "newP": 3.5
    },
    {
      "name": "c_2_1",
      "p": 0,
      "newP": 3.5
    },
    {
      "name": "c_1_2",
      "p": 0,
      "newP": 3.5
    },
    {
      "name": "c_2_3",
      "p": 0,
      "newP": 3.5
    }
  ],
  [
    {
      "name": "c_2_2",
      "p": 0,
      "newP": 14
    },
    {
      "name": "c_3_2",
      "p": 3.5,
      "newP": 0
    },
    {
      "name": "c_2_1",
      "p": 3.5,
      "newP": 0
    },
    {
      "name": "c_1_2",
      "p": 3.5,
      "newP": 0
    },
    {
      "name": "c_2_3",
      "p": 3.5,
      "newP": 0
    }
  ],
  [
    {
      "name": "c_2_2",
      "p": 14,
      "newP": 0
    },
    {
      "name": "c_3_2",
      "p": 0,
      "newP": 3.5
    },
    {
      "name": "c_2_1",
      "p": 0,
      "newP": 3.5
    },
    {
      "name": "c_1_2",
      "p": 0,
      "newP": 3.5
    },
    {
      "name": "c_2_3",
      "p": 0,
      "newP": 3.5
    }
  ],
  [
    {
      "name": "c_2_2",
      "p": 0,
      "newP": 14
    },
    {
      "name": "c_3_2",
      "p": 3.5,
      "newP": 0
    },
    {
      "name": "c_2_1",
      "p": 3.5,
      "newP": 0
    },
    {
      "name": "c_1_2",
      "p": 3.5,
      "newP": 0
    },
    {
      "name": "c_2_3",
      "p": 3.5,
      "newP": 0
    }
  ],
  [
    {
      "name": "c_2_2",
      "p": 14,
      "newP": 0
    },
    {
      "name": "c_3_2",
      "p": 0,
      "newP": 3.5
    },
    {
      "name": "c_2_1",
      "p": 0,
      "newP": 3.5
    },
    {
      "name": "c_1_2",
      "p": 0,
      "newP": 3.5
    },
    {
      "name": "c_2_3",
      "p": 0,
      "newP": 3.5
    }
  ],
  [
    {
      "name": "c_2_2",
      "p": 0,
      "newP": 14
    },
    {
      "name": "c_3_2",
      "p": 3.5,
      "newP": 0
    },
    {
      "name": "c_2_1",
      "p": 3.5,
      "newP": 0
    },
    {
      "name": "c_1_2",
      "p": 3.5,
      "newP": 0
    },
    {
      "name": "c_2_3",
      "p": 3.5,
      "newP": 0
    }
  ],
  [
    {
      "name": "c_2_2",
      "p": 14,
      "newP": 0
    },
    {
      "name": "c_3_2",
      "p": 0,
      "newP": 3.5
    },
    {
      "name": "c_2_1",
      "p": 0,
      "newP": 3.5
    },
    {
      "name": "c_1_2",
      "p": 0,
      "newP": 3.5
    },
    {
      "name": "c_2_3",
      "p": 0,
      "newP": 3.5
    }
  ],
  [
    {
      "name": "c_2_2",
      "p": 0,
      "newP": 14
    },
    {
      "name": "c_3_2",
      "p": 3.5,
      "newP": 0
    },
    {
      "name": "c_2_1",
      "p": 3.5,
      "newP": 0
    },
    {
      "name": "c_1_2",
      "p": 3.5,
      "newP": 0
    },
    {
      "name": "c_2_3",
      "p": 3.5,
      "newP": 0
    }
  ],
  [
    {
      "name": "c_2_2",
      "p": 14,
      "newP": 0
    },
    {
      "name": "c_3_2",
      "p": 0,
      "newP": 3.5
    },
    {
      "name": "c_2_1",
      "p": 0,
      "newP": 3.5
    },
    {
      "name": "c_1_2",
      "p": 0,
      "newP": 3.5
    },
    {
      "name": "c_2_3",
      "p": 0,
      "newP": 3.5
    }
  ],
  [
    {
      "name": "c_2_2",
      "p": 0,
      "newP": 14
    },
    {
      "name": "c_3_2",
      "p": 3.5,
      "newP": 0
    },
    {
      "name": "c_2_1",
      "p": 3.5,
      "newP": 0
    },
    {
      "name": "c_1_2",
      "p": 3.5,
      "newP": 0
    },
    {
      "name": "c_2_3",
      "p": 3.5,
      "newP": 0
    }
  ],
  [
    {
      "name": "c_2_2",
      "p": 14,
      "newP": 0
    },
    {
      "name": "c_3_2",
      "p": 0,
      "newP": 3.5
    },
    {
      "name": "c_2_1",
      "p": 0,
      "newP": 3.5
    },
    {
      "name": "c_1_2",
      "p": 0,
      "newP": 3.5
    },
    {
      "name": "c_2_3",
      "p": 0,
      "newP": 3.5
    }
  ],
  [
    {
      "name": "c_2_2",
      "p": 0,
      "newP": 14
    },
    {
      "name": "c_3_2",
      "p": 3.5,
      "newP": 0
    },
    {
      "name": "c_2_1",
      "p": 3.5,
      "newP": 0
    },
    {
      "name": "c_1_2",
      "p": 3.5,
      "newP": 0
    },
    {
      "name": "c_2_3",
      "p": 3.5,
      "newP": 0
    }
  ],
  [
    {
      "name": "c_2_2",
      "p": 14,
      "newP": 0
    },
    {
      "name": "c_3_2",
      "p": 0,
      "newP": 3.5
    },
    {
      "name": "c_2_1",
      "p": 0,
      "newP": 3.5
    },
    {
      "name": "c_1_2",
      "p": 0,
      "newP": 3.5
    },
    {
      "name": "c_2_3",
      "p": 0,
      "newP": 3.5
    }
  ],
  [
    {
      "name": "c_2_2",
      "p": 0,
      "newP": 14
    },
    {
      "name": "c_3_2",
      "p": 3.5,
      "newP": 0
    },
    {
      "name": "c_2_1",
      "p": 3.5,
      "newP": 0
    },
    {
      "name": "c_1_2",
      "p": 3.5,
      "newP": 0
    },
    {
      "name": "c_2_3",
      "p": 3.5,
      "newP": 0
    }
  ],
  [
    {
      "name": "c_2_2",
      "p": 14,
      "newP": 0
    },
    {
      "name": "c_3_2",
      "p": 0,
      "newP": 3.5
    },
    {
      "name": "c_2_1",
      "p": 0,
      "newP": 3.5
    },
    {
      "name": "c_1_2",
      "p": 0,
      "newP": 3.5
    },
    {
      "name": "c_2_3",
      "p": 0,
      "newP": 3.5
    }
  ],
  [
    {
      "name": "c_2_2",
      "p": 0,
      "newP": 14
    },
    {
      "name": "c_3_2",
      "p": 3.5,
      "newP": 0
    },
    {
      "name": "c_2_1",
      "p": 3.5,
      "newP": 0
    },
    {
      "name": "c_1_2",
      "p": 3.5,
      "newP": 0
    },
    {
      "name": "c_2_3",
      "p": 3.5,
      "newP": 0
    }
  ],
  [
    {
      "name": "c_2_2",
      "p": 14,
      "newP": 0
    },
    {
      "name": "c_3_2",
      "p": 0,
      "newP": 3.5
    },
    {
      "name": "c_2_1",
      "p": 0,
      "newP": 3.5
    },
    {
      "name": "c_1_2",
      "p": 0,
      "newP": 3.5
    },
    {
      "name": "c_2_3",
      "p": 0,
      "newP": 3.5
    }
  ],
  [
    {
      "name": "c_2_2",
      "p": 0,
      "newP": 14
    },
    {
      "name": "c_3_2",
      "p": 3.5,
      "newP": 0
    },
    {
      "name": "c_2_1",
      "p": 3.5,
      "newP": 0
    },
    {
      "name": "c_1_2",
      "p": 3.5,
      "newP": 0
    },
    {
      "name": "c_2_3",
      "p": 3.5,
      "newP": 0
    }
  ],
  [
    {
      "name": "c_2_2",
      "p": 14,
      "newP": 0
    },
    {
      "name": "c_3_2",
      "p": 0,
      "newP": 3.5
    },
    {
      "name": "c_2_1",
      "p": 0,
      "newP": 3.5
    },
    {
      "name": "c_1_2",
      "p": 0,
      "newP": 3.5
    },
    {
      "name": "c_2_3",
      "p": 0,
      "newP": 3.5
    }
  ],
  [
    {
      "name": "c_2_2",
      "p": 0,
      "newP": 14
    },
    {
      "name": "c_3_2",
      "p": 3.5,
      "newP": 0
    },
    {
      "name": "c_2_1",
      "p": 3.5,
      "newP": 0
    },
    {
      "name": "c_1_2",
      "p": 3.5,
      "newP": 0
    },
    {
      "name": "c_2_3",
      "p": 3.5,
      "newP": 0
    }
  ],
  [
    {
      "name": "c_2_2",
      "p": 14,
      "newP": 0
    },
    {
      "name": "c_3_2",
      "p": 0,
      "newP": 3.5
    },
    {
      "name": "c_2_1",
      "p": 0,
      "newP": 3.5
    },
    {
      "name": "c_1_2",
      "p": 0,
      "newP": 3.5
    },
    {
      "name": "c_2_3",
      "p": 0,
      "newP": 3.5
    }
  ],
  [
    {
      "name": "c_2_2",
      "p": 0,
      "newP": 14
    },
    {
      "name": "c_3_2",
      "p": 3.5,
      "newP": 0
    },
    {
      "name": "c_2_1",
      "p": 3.5,
      "newP": 0
    },
    {
      "name": "c_1_2",
      "p": 3.5,
      "newP": 0
    },
    {
      "name": "c_2_3",
      "p": 3.5,
      "newP": 0
    }
  ],
  [
    {
      "name": "c_2_2",
      "p": 14,
      "newP": 0
    },
    {
      "name": "c_3_2",
      "p": 0,
      "newP": 3.5
    },
    {
      "name": "c_2_1",
      "p": 0,
      "newP": 3.5
    },
    {
      "name": "c_1_2",
      "p": 0,
      "newP": 3.5
    },
    {
      "name": "c_2_3",
      "p": 0,
      "newP": 3.5
    }
  ],
  [
    {
      "name": "c_2_2",
      "p": 0,
      "newP": 14
    },
    {
      "name": "c_3_2",
      "p": 3.5,
      "newP": 0
    },
    {
      "name": "c_2_1",
      "p": 3.5,
      "newP": 0
    },
    {
      "name": "c_1_2",
      "p": 3.5,
      "newP": 0
    },
    {
      "name": "c_2_3",
      "p": 3.5,
      "newP": 0
    }
  ],
  [
    {
      "name": "c_2_2",
      "p": 14,
      "newP": 0
    },
    {
      "name": "c_3_2",
      "p": 0,
      "newP": 3.5
    },
    {
      "name": "c_2_1",
      "p": 0,
      "newP": 3.5
    },
    {
      "name": "c_1_2",
      "p": 0,
      "newP": 3.5
    },
    {
      "name": "c_2_3",
      "p": 0,
      "newP": 3.5
    }
  ],
  [
    {
      "name": "c_2_2",
      "p": 0,
      "newP": 14
    },
    {
      "name": "c_3_2",
      "p": 3.5,
      "newP": 0
    },
    {
      "name": "c_2_1",
      "p": 3.5,
      "newP": 0
    },
    {
      "name": "c_1_2",
      "p": 3.5,
      "newP": 0
    },
    {
      "name": "c_2_3",
      "p": 3.5,
      "newP": 0
    }
  ],
  [
    {
      "name": "c_2_2",
      "p": 14,
      "newP": 0
    },
    {
      "name": "c_3_2",
      "p": 0,
      "newP": 3.5
    },
    {
      "name": "c_2_1",
      "p": 0,
      "newP": 3.5
    },
    {
      "name": "c_1_2",
      "p": 0,
      "newP": 3.5
    },
    {
      "name": "c_2_3",
      "p": 0,
      "newP": 3.5
    }
  ],
  [
    {
      "name": "c_2_2",
      "p": 0,
      "newP": 14
    },
    {
      "name": "c_3_2",
      "p": 3.5,
      "newP": 0
    },
    {
      "name": "c_2_1",
      "p": 3.5,
      "newP": 0
    },
    {
      "name": "c_1_2",
      "p": 3.5,
      "newP": 0
    },
    {
      "name": "c_2_3",
      "p": 3.5,
      "newP": 0
    }
  ],
  [
    {
      "name": "c_2_2",
      "p": 14,
      "newP": 0
    },
    {
      "name": "c_3_2",
      "p": 0,
      "newP": 3.5
    },
    {
      "name": "c_2_1",
      "p": 0,
      "newP": 3.5
    },
    {
      "name": "c_1_2",
      "p": 0,
      "newP": 3.5
    },
    {
      "name": "c_2_3",
      "p": 0,
      "newP": 3.5
    }
  ],
  [
    {
      "name": "c_2_2",
      "p": 0,
      "newP": 14
    },
    {
      "name": "c_3_2",
      "p": 3.5,
      "newP": 0
    },
    {
      "name": "c_2_1",
      "p": 3.5,
      "newP": 0
    },
    {
      "name": "c_1_2",
      "p": 3.5,
      "newP": 0
    },
    {
      "name": "c_2_3",
      "p": 3.5,
      "newP": 0
    }
  ],
  [
    {
      "name": "c_2_2",
      "p": 14,
      "newP": 0
    },
    {
      "name": "c_3_2",
      "p": 0,
      "newP": 3.5
    },
    {
      "name": "c_2_1",
      "p": 0,
      "newP": 3.5
    },
    {
      "name": "c_1_2",
      "p": 0,
      "newP": 3.5
    },
    {
      "name": "c_2_3",
      "p": 0,
      "newP": 3.5
    }
  ],
  [
    {
      "name": "c_2_2",
      "p": 0,
      "newP": 14
    },
    {
      "name": "c_3_2",
      "p": 3.5,
      "newP": 0
    },
    {
      "name": "c_2_1",
      "p": 3.5,
      "newP": 0
    },
    {
      "name": "c_1_2",
      "p": 3.5,
      "newP": 0
    },
    {
      "name": "c_2_3",
      "p": 3.5,
      "newP": 0
    }
  ],
  [
    {
      "name": "c_2_2",
      "p": 14,
      "newP": 0
    },
    {
      "name": "c_3_2",
      "p": 0,
      "newP": 3.5
    },
    {
      "name": "c_2_1",
      "p": 0,
      "newP": 3.5
    },
    {
      "name": "c_1_2",
      "p": 0,
      "newP": 3.5
    },
    {
      "name": "c_2_3",
      "p": 0,
      "newP": 3.5
    }
  ],
  [
    {
      "name": "c_2_2",
      "p": 0,
      "newP": 14
    },
    {
      "name": "c_3_2",
      "p": 3.5,
      "newP": 0
    },
    {
      "name": "c_2_1",
      "p": 3.5,
      "newP": 0
    },
    {
      "name": "c_1_2",
      "p": 3.5,
      "newP": 0
    },
    {
      "name": "c_2_3",
      "p": 3.5,
      "newP": 0
    }
  ],
  [
    {
      "name": "c_2_2",
      "p": 14,
      "newP": 0
    },
    {
      "name": "c_3_2",
      "p": 0,
      "newP": 3.5
    },
    {
      "name": "c_2_1",
      "p": 0,
      "newP": 3.5
    },
    {
      "name": "c_1_2",
      "p": 0,
      "newP": 3.5
    },
    {
      "name": "c_2_3",
      "p": 0,
      "newP": 3.5
    }
  ],
  [
    {
      "name": "c_2_2",
      "p": 0,
      "newP": 14
    },
    {
      "name": "c_3_2",
      "p": 3.5,
      "newP": 0
    },
    {
      "name": "c_2_1",
      "p": 3.5,
      "newP": 0
    },
    {
      "name": "c_1_2",
      "p": 3.5,
      "newP": 0
    },
    {
      "name": "c_2_3",
      "p": 3.5,
      "newP": 0
    }
  ],
  [
    {
      "name": "c_2_2",
      "p": 14,
      "newP": 0
    },
    {
      "name": "c_3_2",
      "p": 0,
      "newP": 3.5
    },
    {
      "name": "c_2_1",
      "p": 0,
      "newP": 3.5
    },
    {
      "name": "c_1_2",
      "p": 0,
      "newP": 3.5
    },
    {
      "name": "c_2_3",
      "p": 0,
      "newP": 3.5
    }
  ],
  [
    {
      "name": "c_2_2",
      "p": 0,
      "newP": 14
    },
    {
      "name": "c_3_2",
      "p": 3.5,
      "newP": 0
    },
    {
      "name": "c_2_1",
      "p": 3.5,
      "newP": 0
    },
    {
      "name": "c_1_2",
      "p": 3.5,
      "newP": 0
    },
    {
      "name": "c_2_3",
      "p": 3.5,
      "newP": 0
    }
  ],
  [
    {
      "name": "c_2_2",
      "p": 14,
      "newP": 0
    },
    {
      "name": "c_3_2",
      "p": 0,
      "newP": 3.5
    },
    {
      "name": "c_2_1",
      "p": 0,
      "newP": 3.5
    },
    {
      "name": "c_1_2",
      "p": 0,
      "newP": 3.5
    },
    {
      "name": "c_2_3",
      "p": 0,
      "newP": 3.5
    }
  ],
  [
    {
      "name": "c_2_2",
      "p": 0,
      "newP": 14
    },
    {
      "name": "c_3_2",
      "p": 3.5,
      "newP": 0
    },
    {
      "name": "c_2_1",
      "p": 3.5,
      "newP": 0
    },
    {
      "name": "c_1_2",
      "p": 3.5,
      "newP": 0
    },
    {
      "name": "c_2_3",
      "p": 3.5,
      "newP": 0
    }
  ],
  [
    {
      "name": "c_2_2",
      "p": 14,
      "newP": 0
    },
    {
      "name": "c_3_2",
      "p": 0,
      "newP": 3.5
    },
    {
      "name": "c_2_1",
      "p": 0,
      "newP": 3.5
    },
    {
      "name": "c_1_2",
      "p": 0,
      "newP": 3.5
    },
    {
      "name": "c_2_3",
      "p": 0,
      "newP": 3.5
    }
  ],
  [
    {
      "name": "c_2_2",
      "p": 0,
      "newP": 14
    },
    {
      "name": "c_3_2",
      "p": 3.5,
      "newP": 0
    },
    {
      "name": "c_2_1",
      "p": 3.5,
      "newP": 0
    },
    {
      "name": "c_1_2",
      "p": 3.5,
      "newP": 0
    },
    {
      "name": "c_2_3",
      "p": 3.5,
      "newP": 0
    }
  ],
  [
    {
      "name": "c_2_2",
      "p": 14,
      "newP": 0
    },
    {
      "name": "c_3_2",
      "p": 0,
      "newP": 3.5
    },
    {
      "name": "c_2_1",
      "p": 0,
      "newP": 3.5
    },
    {
      "name": "c_1_2",
      "p": 0,
      "newP": 3.5
    },
    {
      "name": "c_2_3",
      "p": 0,
      "newP": 3.5
    }
  ],
  [
    {
      "name": "c_2_2",
      "p": 0,
      "newP": 14
    },
    {
      "name": "c_3_2",
      "p": 3.5,
      "newP": 0
    },
    {
      "name": "c_2_1",
      "p": 3.5,
      "newP": 0
    },
    {
      "name": "c_1_2",
      "p": 3.5,
      "newP": 0
    },
    {
      "name": "c_2_3",
      "p": 3.5,
      "newP": 0
    }
  ]
]